2026-04-17 11:40:57.679 [main] WARN  o.s.c.s.PostProcessorRegistrationDelegate$BeanPostProcessorChecker - Bean 'com.alibaba.cloud.nacos.NacosConfigAutoConfiguration' of type [com.alibaba.cloud.nacos.NacosConfigAutoConfiguration] is not eligible for getting processed by all BeanPostProcessors (for example: not eligible for auto-proxying). The currently created BeanPostProcessor [nacosAnnotationProcessor] is declared through a non-static factory method on that class; consider declaring it as static instead.
2026-04-17 11:40:57.693 [main] WARN  o.s.c.s.PostProcessorRegistrationDelegate$BeanPostProcessorChecker - Bean 'nacosConfigProperties' of type [com.alibaba.cloud.nacos.NacosConfigProperties] is not eligible for getting processed by all BeanPostProcessors (for example: not eligible for auto-proxying). Is this bean getting eagerly injected/applied to a currently created BeanPostProcessor [nacosAnnotationProcessor]? Check the corresponding BeanPostProcessor declaration and its dependencies/advisors. If this bean does not have to be post-processed, declare it with ROLE_INFRASTRUCTURE.
2026-04-17 11:40:57.840 [main] WARN  o.s.c.s.PostProcessorRegistrationDelegate$BeanPostProcessorChecker - Bean 'nacosConfigManager' of type [com.alibaba.cloud.nacos.NacosConfigManager] is not eligible for getting processed by all BeanPostProcessors (for example: not eligible for auto-proxying). Is this bean getting eagerly injected/applied to a currently created BeanPostProcessor [nacosAnnotationProcessor]? Check the corresponding BeanPostProcessor declaration and its dependencies/advisors. If this bean does not have to be post-processed, declare it with ROLE_INFRASTRUCTURE.
2026-04-17 11:41:03.729 [main] WARN  i.m.c.instrument.binder.cache.CaffeineCacheMetrics - The cache 'forget:pwd:email:code' is not recording statistics. No meters except 'cache.size' will be registered. Call 'Caffeine#recordStats()' prior to building the cache for metrics to be recorded.
2026-04-17 11:41:03.730 [main] WARN  i.m.c.instrument.binder.cache.CaffeineCacheMetrics - The cache 'login' is not recording statistics. No meters except 'cache.size' will be registered. Call 'Caffeine#recordStats()' prior to building the cache for metrics to be recorded.
2026-04-17 11:41:03.730 [main] WARN  i.m.c.instrument.binder.cache.CaffeineCacheMetrics - The cache 'register' is not recording statistics. No meters except 'cache.size' will be registered. Call 'Caffeine#recordStats()' prior to building the cache for metrics to be recorded.
2026-04-17 11:41:38.123 [http-nio-8080-exec-6] WARN  o.s.w.s.m.support.DefaultHandlerExceptionResolver - Ignoring exception, response committed already: org.springframework.http.converter.HttpMessageNotWritableException: No converter for [class com.example.XSJ.Pojo.Result] with preset Content-Type 'image/png'
2026-04-17 11:41:38.124 [http-nio-8080-exec-6] WARN  o.s.w.s.m.support.DefaultHandlerExceptionResolver - Resolved [org.springframework.http.converter.HttpMessageNotWritableException: No converter for [class com.example.XSJ.Pojo.Result] with preset Content-Type 'image/png']
2026-04-17 11:56:15.491 [Thread-49] WARN  com.alibaba.nacos.common.notify.NotifyCenter - [NotifyCenter] Start destroying Publisher
2026-04-17 11:56:15.491 [Thread-14] WARN  c.alibaba.nacos.common.http.HttpClientBeanHolder - [HttpClientBeanHolder] Start destroying common HttpClient
2026-04-17 11:56:15.491 [Thread-1] WARN  c.alibaba.nacos.common.executor.ThreadPoolManager - [ThreadPoolManager] Start destroying ThreadPool
2026-04-17 11:56:15.491 [Thread-49] WARN  com.alibaba.nacos.common.notify.NotifyCenter - [NotifyCenter] Destruction of the end
2026-04-17 11:56:15.491 [Thread-1] WARN  c.alibaba.nacos.common.executor.ThreadPoolManager - [ThreadPoolManager] Destruction of the end
2026-04-17 11:56:15.493 [Thread-14] WARN  c.alibaba.nacos.common.http.HttpClientBeanHolder - [HttpClientBeanHolder] Destruction of the end
2026-04-17 11:57:14.972 [main] WARN  o.s.c.s.PostProcessorRegistrationDelegate$BeanPostProcessorChecker - Bean 'com.alibaba.cloud.nacos.NacosConfigAutoConfiguration' of type [com.alibaba.cloud.nacos.NacosConfigAutoConfiguration] is not eligible for getting processed by all BeanPostProcessors (for example: not eligible for auto-proxying). The currently created BeanPostProcessor [nacosAnnotationProcessor] is declared through a non-static factory method on that class; consider declaring it as static instead.
2026-04-17 11:57:14.976 [main] WARN  o.s.c.s.PostProcessorRegistrationDelegate$BeanPostProcessorChecker - Bean 'nacosConfigProperties' of type [com.alibaba.cloud.nacos.NacosConfigProperties] is not eligible for getting processed by all BeanPostProcessors (for example: not eligible for auto-proxying). Is this bean getting eagerly injected/applied to a currently created BeanPostProcessor [nacosAnnotationProcessor]? Check the corresponding BeanPostProcessor declaration and its dependencies/advisors. If this bean does not have to be post-processed, declare it with ROLE_INFRASTRUCTURE.
2026-04-17 11:57:15.039 [main] WARN  o.s.c.s.PostProcessorRegistrationDelegate$BeanPostProcessorChecker - Bean 'nacosConfigManager' of type [com.alibaba.cloud.nacos.NacosConfigManager] is not eligible for getting processed by all BeanPostProcessors (for example: not eligible for auto-proxying). Is this bean getting eagerly injected/applied to a currently created BeanPostProcessor [nacosAnnotationProcessor]? Check the corresponding BeanPostProcessor declaration and its dependencies/advisors. If this bean does not have to be post-processed, declare it with ROLE_INFRASTRUCTURE.
2026-04-17 11:57:18.679 [main] WARN  i.m.c.instrument.binder.cache.CaffeineCacheMetrics - The cache 'forget:pwd:email:code' is not recording statistics. No meters except 'cache.size' will be registered. Call 'Caffeine#recordStats()' prior to building the cache for metrics to be recorded.
2026-04-17 11:57:18.681 [main] WARN  i.m.c.instrument.binder.cache.CaffeineCacheMetrics - The cache 'login' is not recording statistics. No meters except 'cache.size' will be registered. Call 'Caffeine#recordStats()' prior to building the cache for metrics to be recorded.
2026-04-17 11:57:18.681 [main] WARN  i.m.c.instrument.binder.cache.CaffeineCacheMetrics - The cache 'register' is not recording statistics. No meters except 'cache.size' will be registered. Call 'Caffeine#recordStats()' prior to building the cache for metrics to be recorded.
2026-04-17 12:53:17.529 [http-nio-8080-exec-3] WARN  org.apache.catalina.util.SessionIdGeneratorBase - Creation of SecureRandom instance for session ID generation using [SHA1PRNG] took [138] milliseconds.
2026-04-17 12:53:18.102 [http-nio-8080-exec-3] WARN  o.s.w.s.m.support.DefaultHandlerExceptionResolver - Ignoring exception, response committed already: org.springframework.http.converter.HttpMessageNotWritableException: No converter for [class com.example.XSJ.Pojo.Result] with preset Content-Type 'image/png'
2026-04-17 12:53:18.103 [http-nio-8080-exec-3] WARN  o.s.w.s.m.support.DefaultHandlerExceptionResolver - Resolved [org.springframework.http.converter.HttpMessageNotWritableException: No converter for [class com.example.XSJ.Pojo.Result] with preset Content-Type 'image/png']
2026-04-17 12:54:03.275 [http-nio-8080-exec-3] WARN  com.example.XSJ.utils.Video.VideoGet - 数字绘画类型下无有效池ID，跳过该类型处理
2026-04-17 12:54:03.276 [http-nio-8080-exec-3] WARN  com.example.XSJ.utils.Video.VideoGet - 其他类型下无有效池ID，跳过该类型处理
2026-04-17 12:54:03.276 [http-nio-8080-exec-3] WARN  com.example.XSJ.utils.Video.VideoGet - 视频剪辑类型下无有效池ID，跳过该类型处理
2026-04-17 12:54:03.277 [http-nio-8080-exec-3] WARN  com.example.XSJ.utils.Video.VideoGet - Python编程类型下无有效池ID，跳过该类型处理
2026-04-17 13:06:44.856 [http-nio-8080-exec-5] WARN  com.example.XSJ.utils.Video.VideoGet - 数字绘画类型下无有效池ID，跳过该类型处理
2026-04-17 13:06:44.858 [http-nio-8080-exec-5] WARN  com.example.XSJ.utils.Video.VideoGet - 其他类型下无有效池ID，跳过该类型处理
2026-04-17 13:06:44.858 [http-nio-8080-exec-5] WARN  com.example.XSJ.utils.Video.VideoGet - 视频剪辑类型下无有效池ID，跳过该类型处理
2026-04-17 13:06:44.859 [http-nio-8080-exec-5] WARN  com.example.XSJ.utils.Video.VideoGet - Python编程类型下无有效池ID，跳过该类型处理
2026-04-17 13:06:44.913 [http-nio-8080-exec-4] WARN  com.example.XSJ.utils.Video.VideoGet - 数字绘画类型下无有效池ID，跳过该类型处理
2026-04-17 13:06:44.914 [http-nio-8080-exec-4] WARN  com.example.XSJ.utils.Video.VideoGet - 其他类型下无有效池ID，跳过该类型处理
2026-04-17 13:06:44.914 [http-nio-8080-exec-4] WARN  com.example.XSJ.utils.Video.VideoGet - 视频剪辑类型下无有效池ID，跳过该类型处理
2026-04-17 13:06:44.915 [http-nio-8080-exec-4] WARN  com.example.XSJ.utils.Video.VideoGet - Python编程类型下无有效池ID，跳过该类型处理
2026-04-17 13:07:28.476 [Thread-49] WARN  com.alibaba.nacos.common.notify.NotifyCenter - [NotifyCenter] Start destroying Publisher
2026-04-17 13:07:28.476 [Thread-14] WARN  c.alibaba.nacos.common.http.HttpClientBeanHolder - [HttpClientBeanHolder] Start destroying common HttpClient
2026-04-17 13:07:28.476 [Thread-49] WARN  com.alibaba.nacos.common.notify.NotifyCenter - [NotifyCenter] Destruction of the end
2026-04-17 13:07:28.476 [Thread-1] WARN  c.alibaba.nacos.common.executor.ThreadPoolManager - [ThreadPoolManager] Start destroying ThreadPool
2026-04-17 13:07:28.480 [Thread-1] WARN  c.alibaba.nacos.common.executor.ThreadPoolManager - [ThreadPoolManager] Destruction of the end
2026-04-17 13:07:28.481 [Thread-14] WARN  c.alibaba.nacos.common.http.HttpClientBeanHolder - [HttpClientBeanHolder] Destruction of the end
2026-04-17 18:47:21.025 [main] WARN  o.s.c.s.PostProcessorRegistrationDelegate$BeanPostProcessorChecker - Bean 'com.alibaba.cloud.nacos.NacosConfigAutoConfiguration' of type [com.alibaba.cloud.nacos.NacosConfigAutoConfiguration] is not eligible for getting processed by all BeanPostProcessors (for example: not eligible for auto-proxying). The currently created BeanPostProcessor [nacosAnnotationProcessor] is declared through a non-static factory method on that class; consider declaring it as static instead.
2026-04-17 18:47:21.033 [main] WARN  o.s.c.s.PostProcessorRegistrationDelegate$BeanPostProcessorChecker - Bean 'nacosConfigProperties' of type [com.alibaba.cloud.nacos.NacosConfigProperties] is not eligible for getting processed by all BeanPostProcessors (for example: not eligible for auto-proxying). Is this bean getting eagerly injected/applied to a currently created BeanPostProcessor [nacosAnnotationProcessor]? Check the corresponding BeanPostProcessor declaration and its dependencies/advisors. If this bean does not have to be post-processed, declare it with ROLE_INFRASTRUCTURE.
2026-04-17 18:47:21.138 [main] WARN  o.s.c.s.PostProcessorRegistrationDelegate$BeanPostProcessorChecker - Bean 'nacosConfigManager' of type [com.alibaba.cloud.nacos.NacosConfigManager] is not eligible for getting processed by all BeanPostProcessors (for example: not eligible for auto-proxying). Is this bean getting eagerly injected/applied to a currently created BeanPostProcessor [nacosAnnotationProcessor]? Check the corresponding BeanPostProcessor declaration and its dependencies/advisors. If this bean does not have to be post-processed, declare it with ROLE_INFRASTRUCTURE.
2026-04-17 18:47:26.428 [main] WARN  i.m.c.instrument.binder.cache.CaffeineCacheMetrics - The cache 'forget:pwd:email:code' is not recording statistics. No meters except 'cache.size' will be registered. Call 'Caffeine#recordStats()' prior to building the cache for metrics to be recorded.
2026-04-17 18:47:26.429 [main] WARN  i.m.c.instrument.binder.cache.CaffeineCacheMetrics - The cache 'login' is not recording statistics. No meters except 'cache.size' will be registered. Call 'Caffeine#recordStats()' prior to building the cache for metrics to be recorded.
2026-04-17 18:47:26.429 [main] WARN  i.m.c.instrument.binder.cache.CaffeineCacheMetrics - The cache 'register' is not recording statistics. No meters except 'cache.size' will be registered. Call 'Caffeine#recordStats()' prior to building the cache for metrics to be recorded.
2026-04-17 18:57:27.529 [http-nio-8080-exec-7] WARN  o.s.w.s.m.support.DefaultHandlerExceptionResolver - Ignoring exception, response committed already: org.springframework.http.converter.HttpMessageNotWritableException: No converter for [class com.example.XSJ.Pojo.Result] with preset Content-Type 'image/png'
2026-04-17 18:57:27.530 [http-nio-8080-exec-7] WARN  o.s.w.s.m.support.DefaultHandlerExceptionResolver - Resolved [org.springframework.http.converter.HttpMessageNotWritableException: No converter for [class com.example.XSJ.Pojo.Result] with preset Content-Type 'image/png']
2026-04-17 19:04:54.540 [http-nio-8080-exec-5] WARN  o.s.w.s.m.support.DefaultHandlerExceptionResolver - Ignoring exception, response committed already: org.springframework.http.converter.HttpMessageNotWritableException: No converter for [class com.example.XSJ.Pojo.Result] with preset Content-Type 'image/png'
2026-04-17 19:04:54.540 [http-nio-8080-exec-5] WARN  o.s.w.s.m.support.DefaultHandlerExceptionResolver - Resolved [org.springframework.http.converter.HttpMessageNotWritableException: No converter for [class com.example.XSJ.Pojo.Result] with preset Content-Type 'image/png']
2026-04-17 19:05:46.307 [http-nio-8080-exec-4] WARN  com.example.XSJ.utils.Video.VideoGet - 数字绘画类型下无有效池ID，跳过该类型处理
2026-04-17 19:05:46.308 [http-nio-8080-exec-4] WARN  com.example.XSJ.utils.Video.VideoGet - 其他类型下无有效池ID，跳过该类型处理
2026-04-17 19:05:46.309 [http-nio-8080-exec-4] WARN  com.example.XSJ.utils.Video.VideoGet - 视频剪辑类型下无有效池ID，跳过该类型处理
2026-04-17 19:05:46.310 [http-nio-8080-exec-4] WARN  com.example.XSJ.utils.Video.VideoGet - Python编程类型下无有效池ID，跳过该类型处理
2026-04-17 19:06:40.071 [http-nio-8080-exec-9] WARN  com.example.XSJ.utils.Video.VideoGet - 数字绘画类型下无有效池ID，跳过该类型处理
2026-04-17 19:06:40.072 [http-nio-8080-exec-9] WARN  com.example.XSJ.utils.Video.VideoGet - 其他类型下无有效池ID，跳过该类型处理
2026-04-17 19:06:40.073 [http-nio-8080-exec-9] WARN  com.example.XSJ.utils.Video.VideoGet - 视频剪辑类型下无有效池ID，跳过该类型处理
2026-04-17 19:06:40.073 [http-nio-8080-exec-9] WARN  com.example.XSJ.utils.Video.VideoGet - Python编程类型下无有效池ID，跳过该类型处理
2026-04-17 23:05:31.284 [Thread-49] WARN  com.alibaba.nacos.common.notify.NotifyCenter - [NotifyCenter] Start destroying Publisher
2026-04-17 23:05:31.284 [Thread-14] WARN  c.alibaba.nacos.common.http.HttpClientBeanHolder - [HttpClientBeanHolder] Start destroying common HttpClient
2026-04-17 23:05:31.284 [Thread-1] WARN  c.alibaba.nacos.common.executor.ThreadPoolManager - [ThreadPoolManager] Start destroying ThreadPool
2026-04-17 23:05:31.287 [Thread-49] WARN  com.alibaba.nacos.common.notify.NotifyCenter - [NotifyCenter] Destruction of the end
2026-04-17 23:05:31.289 [Thread-1] WARN  c.alibaba.nacos.common.executor.ThreadPoolManager - [ThreadPoolManager] Destruction of the end
2026-04-17 23:05:31.301 [Thread-14] WARN  c.alibaba.nacos.common.http.HttpClientBeanHolder - [HttpClientBeanHolder] Destruction of the end
2026-04-17 23:05:38.741 [main] WARN  o.s.c.s.PostProcessorRegistrationDelegate$BeanPostProcessorChecker - Bean 'com.alibaba.cloud.nacos.NacosConfigAutoConfiguration' of type [com.alibaba.cloud.nacos.NacosConfigAutoConfiguration] is not eligible for getting processed by all BeanPostProcessors (for example: not eligible for auto-proxying). The currently created BeanPostProcessor [nacosAnnotationProcessor] is declared through a non-static factory method on that class; consider declaring it as static instead.
2026-04-17 23:05:38.745 [main] WARN  o.s.c.s.PostProcessorRegistrationDelegate$BeanPostProcessorChecker - Bean 'nacosConfigProperties' of type [com.alibaba.cloud.nacos.NacosConfigProperties] is not eligible for getting processed by all BeanPostProcessors (for example: not eligible for auto-proxying). Is this bean getting eagerly injected/applied to a currently created BeanPostProcessor [nacosAnnotationProcessor]? Check the corresponding BeanPostProcessor declaration and its dependencies/advisors. If this bean does not have to be post-processed, declare it with ROLE_INFRASTRUCTURE.
2026-04-17 23:05:38.803 [main] WARN  o.s.c.s.PostProcessorRegistrationDelegate$BeanPostProcessorChecker - Bean 'nacosConfigManager' of type [com.alibaba.cloud.nacos.NacosConfigManager] is not eligible for getting processed by all BeanPostProcessors (for example: not eligible for auto-proxying). Is this bean getting eagerly injected/applied to a currently created BeanPostProcessor [nacosAnnotationProcessor]? Check the corresponding BeanPostProcessor declaration and its dependencies/advisors. If this bean does not have to be post-processed, declare it with ROLE_INFRASTRUCTURE.
2026-04-17 23:05:42.169 [main] WARN  i.m.c.instrument.binder.cache.CaffeineCacheMetrics - The cache 'forget:pwd:email:code' is not recording statistics. No meters except 'cache.size' will be registered. Call 'Caffeine#recordStats()' prior to building the cache for metrics to be recorded.
2026-04-17 23:05:42.171 [main] WARN  i.m.c.instrument.binder.cache.CaffeineCacheMetrics - The cache 'login' is not recording statistics. No meters except 'cache.size' will be registered. Call 'Caffeine#recordStats()' prior to building the cache for metrics to be recorded.
2026-04-17 23:05:42.171 [main] WARN  i.m.c.instrument.binder.cache.CaffeineCacheMetrics - The cache 'register' is not recording statistics. No meters except 'cache.size' will be registered. Call 'Caffeine#recordStats()' prior to building the cache for metrics to be recorded.
2026-04-17 23:11:52.022 [http-nio-8080-exec-4] WARN  com.example.XSJ.utils.Video.VideoGet - 数字绘画类型下无有效池ID，跳过该类型处理
2026-04-17 23:11:52.023 [http-nio-8080-exec-4] WARN  com.example.XSJ.utils.Video.VideoGet - 其他类型下无有效池ID，跳过该类型处理
2026-04-17 23:11:52.024 [http-nio-8080-exec-4] WARN  com.example.XSJ.utils.Video.VideoGet - 视频剪辑类型下无有效池ID，跳过该类型处理
2026-04-17 23:11:52.026 [http-nio-8080-exec-4] WARN  com.example.XSJ.utils.Video.VideoGet - Python编程类型下无有效池ID，跳过该类型处理
2026-04-17 23:11:56.523 [http-nio-8080-exec-4] WARN  com.example.XSJ.utils.Video.VideoGet - 数字绘画类型下无有效池ID，跳过该类型处理
2026-04-17 23:11:56.523 [http-nio-8080-exec-4] WARN  com.example.XSJ.utils.Video.VideoGet - 其他类型下无有效池ID，跳过该类型处理
2026-04-17 23:11:56.524 [http-nio-8080-exec-4] WARN  com.example.XSJ.utils.Video.VideoGet - 视频剪辑类型下无有效池ID，跳过该类型处理
2026-04-17 23:11:56.526 [http-nio-8080-exec-4] WARN  com.example.XSJ.utils.Video.VideoGet - Python编程类型下无有效池ID，跳过该类型处理
2026-04-17 23:11:58.229 [http-nio-8080-exec-6] WARN  com.example.XSJ.utils.Video.VideoGet - 数字绘画类型下无有效池ID，跳过该类型处理
2026-04-17 23:11:58.230 [http-nio-8080-exec-6] WARN  com.example.XSJ.utils.Video.VideoGet - 其他类型下无有效池ID，跳过该类型处理
2026-04-17 23:11:58.230 [http-nio-8080-exec-6] WARN  com.example.XSJ.utils.Video.VideoGet - 视频剪辑类型下无有效池ID，跳过该类型处理
2026-04-17 23:11:58.232 [http-nio-8080-exec-6] WARN  com.example.XSJ.utils.Video.VideoGet - Python编程类型下无有效池ID，跳过该类型处理
2026-04-17 23:14:46.317 [http-nio-8080-exec-7] WARN  com.example.XSJ.utils.Video.VideoGet - 数字绘画类型下无有效池ID，跳过该类型处理
2026-04-17 23:14:46.319 [http-nio-8080-exec-7] WARN  com.example.XSJ.utils.Video.VideoGet - 其他类型下无有效池ID，跳过该类型处理
2026-04-17 23:14:46.319 [http-nio-8080-exec-7] WARN  com.example.XSJ.utils.Video.VideoGet - 视频剪辑类型下无有效池ID，跳过该类型处理
2026-04-17 23:14:46.320 [http-nio-8080-exec-7] WARN  com.example.XSJ.utils.Video.VideoGet - Python编程类型下无有效池ID，跳过该类型处理
2026-04-17 23:15:08.292 [http-nio-8080-exec-3] WARN  com.example.XSJ.utils.Video.VideoGet - 数字绘画类型下无有效池ID，跳过该类型处理
2026-04-17 23:15:08.293 [http-nio-8080-exec-3] WARN  com.example.XSJ.utils.Video.VideoGet - 其他类型下无有效池ID，跳过该类型处理
2026-04-17 23:15:08.294 [http-nio-8080-exec-3] WARN  com.example.XSJ.utils.Video.VideoGet - 视频剪辑类型下无有效池ID，跳过该类型处理
2026-04-17 23:15:08.294 [http-nio-8080-exec-3] WARN  com.example.XSJ.utils.Video.VideoGet - Python编程类型下无有效池ID，跳过该类型处理
2026-04-17 23:15:30.792 [http-nio-8080-exec-2] WARN  com.example.XSJ.utils.Video.VideoGet - 数字绘画类型下无有效池ID，跳过该类型处理
2026-04-17 23:15:30.793 [http-nio-8080-exec-2] WARN  com.example.XSJ.utils.Video.VideoGet - 其他类型下无有效池ID，跳过该类型处理
2026-04-17 23:15:30.794 [http-nio-8080-exec-2] WARN  com.example.XSJ.utils.Video.VideoGet - 视频剪辑类型下无有效池ID，跳过该类型处理
2026-04-17 23:15:30.794 [http-nio-8080-exec-2] WARN  com.example.XSJ.utils.Video.VideoGet - Python编程类型下无有效池ID，跳过该类型处理
2026-04-17 23:15:32.914 [http-nio-8080-exec-6] WARN  com.example.XSJ.utils.Video.VideoGet - 数字绘画类型下无有效池ID，跳过该类型处理
2026-04-17 23:15:32.915 [http-nio-8080-exec-6] WARN  com.example.XSJ.utils.Video.VideoGet - 其他类型下无有效池ID，跳过该类型处理
2026-04-17 23:15:32.915 [http-nio-8080-exec-6] WARN  com.example.XSJ.utils.Video.VideoGet - 视频剪辑类型下无有效池ID，跳过该类型处理
2026-04-17 23:15:32.916 [http-nio-8080-exec-6] WARN  com.example.XSJ.utils.Video.VideoGet - Python编程类型下无有效池ID，跳过该类型处理
2026-04-17 23:15:49.348 [http-nio-8080-exec-1] WARN  com.example.XSJ.utils.Video.VideoGet - 数字绘画类型下无有效池ID，跳过该类型处理
2026-04-17 23:15:49.349 [http-nio-8080-exec-1] WARN  com.example.XSJ.utils.Video.VideoGet - 其他类型下无有效池ID，跳过该类型处理
2026-04-17 23:15:49.350 [http-nio-8080-exec-1] WARN  com.example.XSJ.utils.Video.VideoGet - 视频剪辑类型下无有效池ID，跳过该类型处理
2026-04-17 23:15:49.350 [http-nio-8080-exec-1] WARN  com.example.XSJ.utils.Video.VideoGet - Python编程类型下无有效池ID，跳过该类型处理
2026-04-17 23:28:57.194 [http-nio-8080-exec-5] WARN  com.example.XSJ.utils.Video.VideoGet - 数字绘画类型下无有效池ID，跳过该类型处理
2026-04-17 23:28:57.194 [http-nio-8080-exec-5] WARN  com.example.XSJ.utils.Video.VideoGet - 其他类型下无有效池ID，跳过该类型处理
2026-04-17 23:28:57.195 [http-nio-8080-exec-5] WARN  com.example.XSJ.utils.Video.VideoGet - 视频剪辑类型下无有效池ID，跳过该类型处理
2026-04-17 23:28:57.196 [http-nio-8080-exec-5] WARN  com.example.XSJ.utils.Video.VideoGet - Python编程类型下无有效池ID，跳过该类型处理
2026-04-17 23:30:55.493 [http-nio-8080-exec-6] WARN  com.example.XSJ.utils.Video.VideoGet - 数字绘画类型下无有效池ID，跳过该类型处理
2026-04-17 23:30:55.494 [http-nio-8080-exec-6] WARN  com.example.XSJ.utils.Video.VideoGet - 其他类型下无有效池ID，跳过该类型处理
2026-04-17 23:30:55.494 [http-nio-8080-exec-6] WARN  com.example.XSJ.utils.Video.VideoGet - 视频剪辑类型下无有效池ID，跳过该类型处理
2026-04-17 23:30:55.495 [http-nio-8080-exec-6] WARN  com.example.XSJ.utils.Video.VideoGet - Python编程类型下无有效池ID，跳过该类型处理
2026-04-17 23:30:57.733 [http-nio-8080-exec-8] WARN  com.example.XSJ.utils.Video.VideoGet - 数字绘画类型下无有效池ID，跳过该类型处理
2026-04-17 23:30:57.734 [http-nio-8080-exec-8] WARN  com.example.XSJ.utils.Video.VideoGet - 其他类型下无有效池ID，跳过该类型处理
2026-04-17 23:30:57.734 [http-nio-8080-exec-8] WARN  com.example.XSJ.utils.Video.VideoGet - 视频剪辑类型下无有效池ID，跳过该类型处理
2026-04-17 23:30:57.734 [http-nio-8080-exec-8] WARN  com.example.XSJ.utils.Video.VideoGet - Python编程类型下无有效池ID，跳过该类型处理
2026-04-17 23:52:23.337 [http-nio-8080-exec-3] WARN  o.s.w.s.m.support.DefaultHandlerExceptionResolver - Ignoring exception, response committed already: org.springframework.http.converter.HttpMessageNotWritableException: No converter for [class com.example.XSJ.Pojo.Result] with preset Content-Type 'image/png'
2026-04-17 23:52:23.338 [http-nio-8080-exec-3] WARN  o.s.w.s.m.support.DefaultHandlerExceptionResolver - Resolved [org.springframework.http.converter.HttpMessageNotWritableException: No converter for [class com.example.XSJ.Pojo.Result] with preset Content-Type 'image/png']
2026-04-17 23:53:18.596 [http-nio-8080-exec-10] WARN  o.s.w.s.m.support.DefaultHandlerExceptionResolver - Ignoring exception, response committed already: org.springframework.http.converter.HttpMessageNotWritableException: No converter for [class com.example.XSJ.Pojo.Result] with preset Content-Type 'image/png'
2026-04-17 23:53:18.596 [http-nio-8080-exec-10] WARN  o.s.w.s.m.support.DefaultHandlerExceptionResolver - Resolved [org.springframework.http.converter.HttpMessageNotWritableException: No converter for [class com.example.XSJ.Pojo.Result] with preset Content-Type 'image/png']
2026-04-17 23:53:31.085 [http-nio-8080-exec-7] WARN  o.s.w.s.m.support.DefaultHandlerExceptionResolver - Ignoring exception, response committed already: org.springframework.http.converter.HttpMessageNotWritableException: No converter for [class com.example.XSJ.Pojo.Result] with preset Content-Type 'image/png'
2026-04-17 23:53:31.085 [http-nio-8080-exec-7] WARN  o.s.w.s.m.support.DefaultHandlerExceptionResolver - Resolved [org.springframework.http.converter.HttpMessageNotWritableException: No converter for [class com.example.XSJ.Pojo.Result] with preset Content-Type 'image/png']
