2026-04-16 16:59:08.387 [main] WARN  o.s.c.s.PostProcessorRegistrationDelegate$BeanPostProcessorChecker - Bean 'com.alibaba.cloud.nacos.NacosConfigAutoConfiguration' of type [com.alibaba.cloud.nacos.NacosConfigAutoConfiguration] is not eligible for getting processed by all BeanPostProcessors (for example: not eligible for auto-proxying). The currently created BeanPostProcessor [nacosAnnotationProcessor] is declared through a non-static factory method on that class; consider declaring it as static instead.
2026-04-16 16:59:08.395 [main] WARN  o.s.c.s.PostProcessorRegistrationDelegate$BeanPostProcessorChecker - Bean 'nacosConfigProperties' of type [com.alibaba.cloud.nacos.NacosConfigProperties] is not eligible for getting processed by all BeanPostProcessors (for example: not eligible for auto-proxying). Is this bean getting eagerly injected/applied to a currently created BeanPostProcessor [nacosAnnotationProcessor]? Check the corresponding BeanPostProcessor declaration and its dependencies/advisors. If this bean does not have to be post-processed, declare it with ROLE_INFRASTRUCTURE.
2026-04-16 16:59:08.470 [main] WARN  o.s.c.s.PostProcessorRegistrationDelegate$BeanPostProcessorChecker - Bean 'nacosConfigManager' of type [com.alibaba.cloud.nacos.NacosConfigManager] is not eligible for getting processed by all BeanPostProcessors (for example: not eligible for auto-proxying). Is this bean getting eagerly injected/applied to a currently created BeanPostProcessor [nacosAnnotationProcessor]? Check the corresponding BeanPostProcessor declaration and its dependencies/advisors. If this bean does not have to be post-processed, declare it with ROLE_INFRASTRUCTURE.
2026-04-16 16:59:12.358 [main] WARN  i.m.c.instrument.binder.cache.CaffeineCacheMetrics - The cache 'forget:pwd:email:code' is not recording statistics. No meters except 'cache.size' will be registered. Call 'Caffeine#recordStats()' prior to building the cache for metrics to be recorded.
2026-04-16 16:59:12.358 [main] WARN  i.m.c.instrument.binder.cache.CaffeineCacheMetrics - The cache 'login' is not recording statistics. No meters except 'cache.size' will be registered. Call 'Caffeine#recordStats()' prior to building the cache for metrics to be recorded.
2026-04-16 16:59:12.358 [main] WARN  i.m.c.instrument.binder.cache.CaffeineCacheMetrics - The cache 'register' is not recording statistics. No meters except 'cache.size' will be registered. Call 'Caffeine#recordStats()' prior to building the cache for metrics to be recorded.
2026-04-16 17:00:24.015 [http-nio-8080-exec-6] WARN  o.s.w.s.m.support.DefaultHandlerExceptionResolver - Ignoring exception, response committed already: org.springframework.http.converter.HttpMessageNotWritableException: No converter for [class com.example.XSJ.Pojo.Result] with preset Content-Type 'image/png'
2026-04-16 17:00:24.015 [http-nio-8080-exec-6] WARN  o.s.w.s.m.support.DefaultHandlerExceptionResolver - Resolved [org.springframework.http.converter.HttpMessageNotWritableException: No converter for [class com.example.XSJ.Pojo.Result] with preset Content-Type 'image/png']
2026-04-16 17:00:47.739 [http-nio-8080-exec-10] WARN  com.example.XSJ.utils.Video.VideoGet - 数字绘画类型下无有效池ID，跳过该类型处理
2026-04-16 17:00:47.740 [http-nio-8080-exec-10] WARN  com.example.XSJ.utils.Video.VideoGet - 其他类型下无有效池ID，跳过该类型处理
2026-04-16 17:00:47.741 [http-nio-8080-exec-10] WARN  com.example.XSJ.utils.Video.VideoGet - 视频剪辑类型下无有效池ID，跳过该类型处理
2026-04-16 17:00:47.744 [http-nio-8080-exec-10] WARN  com.example.XSJ.utils.Video.VideoGet - Python编程类型下无有效池ID，跳过该类型处理
2026-04-16 17:01:06.646 [http-nio-8080-exec-2] WARN  o.s.w.s.m.support.DefaultHandlerExceptionResolver - Ignoring exception, response committed already: org.springframework.http.converter.HttpMessageNotWritableException: No converter for [class com.example.XSJ.Pojo.Result] with preset Content-Type 'image/png'
2026-04-16 17:01:06.646 [http-nio-8080-exec-2] WARN  o.s.w.s.m.support.DefaultHandlerExceptionResolver - Resolved [org.springframework.http.converter.HttpMessageNotWritableException: No converter for [class com.example.XSJ.Pojo.Result] with preset Content-Type 'image/png']
2026-04-16 17:08:26.492 [http-nio-8080-exec-8] WARN  com.example.XSJ.utils.Video.VideoGet - 数字绘画类型下无有效池ID，跳过该类型处理
2026-04-16 17:08:26.493 [http-nio-8080-exec-8] WARN  com.example.XSJ.utils.Video.VideoGet - 其他类型下无有效池ID，跳过该类型处理
2026-04-16 17:08:26.494 [http-nio-8080-exec-8] WARN  com.example.XSJ.utils.Video.VideoGet - 视频剪辑类型下无有效池ID，跳过该类型处理
2026-04-16 17:08:26.495 [http-nio-8080-exec-8] WARN  com.example.XSJ.utils.Video.VideoGet - Python编程类型下无有效池ID，跳过该类型处理
2026-04-16 17:11:28.728 [Thread-49] WARN  com.alibaba.nacos.common.notify.NotifyCenter - [NotifyCenter] Start destroying Publisher
2026-04-16 17:11:28.729 [Thread-49] WARN  com.alibaba.nacos.common.notify.NotifyCenter - [NotifyCenter] Destruction of the end
2026-04-16 17:11:28.729 [Thread-14] WARN  c.alibaba.nacos.common.http.HttpClientBeanHolder - [HttpClientBeanHolder] Start destroying common HttpClient
2026-04-16 17:11:28.729 [Thread-1] WARN  c.alibaba.nacos.common.executor.ThreadPoolManager - [ThreadPoolManager] Start destroying ThreadPool
2026-04-16 17:11:28.729 [Thread-1] WARN  c.alibaba.nacos.common.executor.ThreadPoolManager - [ThreadPoolManager] Destruction of the end
2026-04-16 17:11:28.730 [Thread-14] WARN  c.alibaba.nacos.common.http.HttpClientBeanHolder - [HttpClientBeanHolder] Destruction of the end
2026-04-16 17:11:34.507 [main] WARN  o.s.c.s.PostProcessorRegistrationDelegate$BeanPostProcessorChecker - Bean 'com.alibaba.cloud.nacos.NacosConfigAutoConfiguration' of type [com.alibaba.cloud.nacos.NacosConfigAutoConfiguration] is not eligible for getting processed by all BeanPostProcessors (for example: not eligible for auto-proxying). The currently created BeanPostProcessor [nacosAnnotationProcessor] is declared through a non-static factory method on that class; consider declaring it as static instead.
2026-04-16 17:11:34.512 [main] WARN  o.s.c.s.PostProcessorRegistrationDelegate$BeanPostProcessorChecker - Bean 'nacosConfigProperties' of type [com.alibaba.cloud.nacos.NacosConfigProperties] is not eligible for getting processed by all BeanPostProcessors (for example: not eligible for auto-proxying). Is this bean getting eagerly injected/applied to a currently created BeanPostProcessor [nacosAnnotationProcessor]? Check the corresponding BeanPostProcessor declaration and its dependencies/advisors. If this bean does not have to be post-processed, declare it with ROLE_INFRASTRUCTURE.
2026-04-16 17:11:34.580 [main] WARN  o.s.c.s.PostProcessorRegistrationDelegate$BeanPostProcessorChecker - Bean 'nacosConfigManager' of type [com.alibaba.cloud.nacos.NacosConfigManager] is not eligible for getting processed by all BeanPostProcessors (for example: not eligible for auto-proxying). Is this bean getting eagerly injected/applied to a currently created BeanPostProcessor [nacosAnnotationProcessor]? Check the corresponding BeanPostProcessor declaration and its dependencies/advisors. If this bean does not have to be post-processed, declare it with ROLE_INFRASTRUCTURE.
2026-04-16 17:11:38.570 [main] WARN  i.m.c.instrument.binder.cache.CaffeineCacheMetrics - The cache 'forget:pwd:email:code' is not recording statistics. No meters except 'cache.size' will be registered. Call 'Caffeine#recordStats()' prior to building the cache for metrics to be recorded.
2026-04-16 17:11:38.571 [main] WARN  i.m.c.instrument.binder.cache.CaffeineCacheMetrics - The cache 'login' is not recording statistics. No meters except 'cache.size' will be registered. Call 'Caffeine#recordStats()' prior to building the cache for metrics to be recorded.
2026-04-16 17:11:38.572 [main] WARN  i.m.c.instrument.binder.cache.CaffeineCacheMetrics - The cache 'register' is not recording statistics. No meters except 'cache.size' will be registered. Call 'Caffeine#recordStats()' prior to building the cache for metrics to be recorded.
2026-04-16 17:15:43.575 [Thread-14] WARN  c.alibaba.nacos.common.http.HttpClientBeanHolder - [HttpClientBeanHolder] Start destroying common HttpClient
2026-04-16 17:15:43.575 [Thread-1] WARN  c.alibaba.nacos.common.executor.ThreadPoolManager - [ThreadPoolManager] Start destroying ThreadPool
2026-04-16 17:15:43.576 [Thread-49] WARN  com.alibaba.nacos.common.notify.NotifyCenter - [NotifyCenter] Start destroying Publisher
2026-04-16 17:15:43.576 [Thread-49] WARN  com.alibaba.nacos.common.notify.NotifyCenter - [NotifyCenter] Destruction of the end
2026-04-16 17:15:43.576 [Thread-1] WARN  c.alibaba.nacos.common.executor.ThreadPoolManager - [ThreadPoolManager] Destruction of the end
2026-04-16 17:15:43.577 [Thread-14] WARN  c.alibaba.nacos.common.http.HttpClientBeanHolder - [HttpClientBeanHolder] Destruction of the end
2026-04-16 17:15:47.888 [main] WARN  o.s.c.s.PostProcessorRegistrationDelegate$BeanPostProcessorChecker - Bean 'com.alibaba.cloud.nacos.NacosConfigAutoConfiguration' of type [com.alibaba.cloud.nacos.NacosConfigAutoConfiguration] is not eligible for getting processed by all BeanPostProcessors (for example: not eligible for auto-proxying). The currently created BeanPostProcessor [nacosAnnotationProcessor] is declared through a non-static factory method on that class; consider declaring it as static instead.
2026-04-16 17:15:47.895 [main] WARN  o.s.c.s.PostProcessorRegistrationDelegate$BeanPostProcessorChecker - Bean 'nacosConfigProperties' of type [com.alibaba.cloud.nacos.NacosConfigProperties] is not eligible for getting processed by all BeanPostProcessors (for example: not eligible for auto-proxying). Is this bean getting eagerly injected/applied to a currently created BeanPostProcessor [nacosAnnotationProcessor]? Check the corresponding BeanPostProcessor declaration and its dependencies/advisors. If this bean does not have to be post-processed, declare it with ROLE_INFRASTRUCTURE.
2026-04-16 17:15:47.958 [main] WARN  o.s.c.s.PostProcessorRegistrationDelegate$BeanPostProcessorChecker - Bean 'nacosConfigManager' of type [com.alibaba.cloud.nacos.NacosConfigManager] is not eligible for getting processed by all BeanPostProcessors (for example: not eligible for auto-proxying). Is this bean getting eagerly injected/applied to a currently created BeanPostProcessor [nacosAnnotationProcessor]? Check the corresponding BeanPostProcessor declaration and its dependencies/advisors. If this bean does not have to be post-processed, declare it with ROLE_INFRASTRUCTURE.
2026-04-16 17:15:51.792 [main] WARN  i.m.c.instrument.binder.cache.CaffeineCacheMetrics - The cache 'forget:pwd:email:code' is not recording statistics. No meters except 'cache.size' will be registered. Call 'Caffeine#recordStats()' prior to building the cache for metrics to be recorded.
2026-04-16 17:15:51.793 [main] WARN  i.m.c.instrument.binder.cache.CaffeineCacheMetrics - The cache 'login' is not recording statistics. No meters except 'cache.size' will be registered. Call 'Caffeine#recordStats()' prior to building the cache for metrics to be recorded.
2026-04-16 17:15:51.794 [main] WARN  i.m.c.instrument.binder.cache.CaffeineCacheMetrics - The cache 'register' is not recording statistics. No meters except 'cache.size' will be registered. Call 'Caffeine#recordStats()' prior to building the cache for metrics to be recorded.
2026-04-16 17:21:50.087 [http-nio-8080-exec-5] WARN  com.example.XSJ.utils.Video.VideoGet - 数字绘画类型下无有效池ID，跳过该类型处理
2026-04-16 17:21:50.088 [http-nio-8080-exec-5] WARN  com.example.XSJ.utils.Video.VideoGet - 其他类型下无有效池ID，跳过该类型处理
2026-04-16 17:21:50.089 [http-nio-8080-exec-5] WARN  com.example.XSJ.utils.Video.VideoGet - 视频剪辑类型下无有效池ID，跳过该类型处理
2026-04-16 17:21:50.091 [http-nio-8080-exec-5] WARN  com.example.XSJ.utils.Video.VideoGet - Python编程类型下无有效池ID，跳过该类型处理
2026-04-16 17:21:54.000 [http-nio-8080-exec-4] WARN  com.example.XSJ.utils.Video.VideoGet - 数字绘画类型下无有效池ID，跳过该类型处理
2026-04-16 17:21:54.001 [http-nio-8080-exec-4] WARN  com.example.XSJ.utils.Video.VideoGet - 其他类型下无有效池ID，跳过该类型处理
2026-04-16 17:21:54.001 [http-nio-8080-exec-4] WARN  com.example.XSJ.utils.Video.VideoGet - 视频剪辑类型下无有效池ID，跳过该类型处理
2026-04-16 17:21:54.003 [http-nio-8080-exec-4] WARN  com.example.XSJ.utils.Video.VideoGet - Python编程类型下无有效池ID，跳过该类型处理
2026-04-16 17:21:54.017 [http-nio-8080-exec-9] WARN  com.example.XSJ.utils.Video.VideoGet - 数字绘画类型下无有效池ID，跳过该类型处理
2026-04-16 17:21:54.018 [http-nio-8080-exec-9] WARN  com.example.XSJ.utils.Video.VideoGet - 其他类型下无有效池ID，跳过该类型处理
2026-04-16 17:21:54.018 [http-nio-8080-exec-9] WARN  com.example.XSJ.utils.Video.VideoGet - 视频剪辑类型下无有效池ID，跳过该类型处理
2026-04-16 17:21:54.019 [http-nio-8080-exec-9] WARN  com.example.XSJ.utils.Video.VideoGet - Python编程类型下无有效池ID，跳过该类型处理
2026-04-16 17:23:46.652 [http-nio-8080-exec-6] WARN  com.example.XSJ.utils.Video.VideoGet - 数字绘画类型下无有效池ID，跳过该类型处理
2026-04-16 17:23:46.652 [http-nio-8080-exec-6] WARN  com.example.XSJ.utils.Video.VideoGet - 其他类型下无有效池ID，跳过该类型处理
2026-04-16 17:23:46.654 [http-nio-8080-exec-6] WARN  com.example.XSJ.utils.Video.VideoGet - 视频剪辑类型下无有效池ID，跳过该类型处理
2026-04-16 17:23:46.655 [http-nio-8080-exec-6] WARN  com.example.XSJ.utils.Video.VideoGet - Python编程类型下无有效池ID，跳过该类型处理
2026-04-16 17:24:34.957 [http-nio-8080-exec-3] WARN  com.example.XSJ.utils.Video.VideoGet - 数字绘画类型下无有效池ID，跳过该类型处理
2026-04-16 17:24:34.958 [http-nio-8080-exec-3] WARN  com.example.XSJ.utils.Video.VideoGet - 其他类型下无有效池ID，跳过该类型处理
2026-04-16 17:24:34.959 [http-nio-8080-exec-3] WARN  com.example.XSJ.utils.Video.VideoGet - 视频剪辑类型下无有效池ID，跳过该类型处理
2026-04-16 17:24:34.959 [http-nio-8080-exec-3] WARN  com.example.XSJ.utils.Video.VideoGet - Python编程类型下无有效池ID，跳过该类型处理
2026-04-16 17:24:36.827 [http-nio-8080-exec-2] WARN  com.example.XSJ.utils.Video.VideoGet - 数字绘画类型下无有效池ID，跳过该类型处理
2026-04-16 17:24:36.828 [http-nio-8080-exec-2] WARN  com.example.XSJ.utils.Video.VideoGet - 其他类型下无有效池ID，跳过该类型处理
2026-04-16 17:24:36.828 [http-nio-8080-exec-2] WARN  com.example.XSJ.utils.Video.VideoGet - 视频剪辑类型下无有效池ID，跳过该类型处理
2026-04-16 17:24:36.828 [http-nio-8080-exec-2] WARN  com.example.XSJ.utils.Video.VideoGet - Python编程类型下无有效池ID，跳过该类型处理
2026-04-16 17:31:59.816 [http-nio-8080-exec-5] WARN  com.example.XSJ.utils.Video.VideoGet - 数字绘画类型下无有效池ID，跳过该类型处理
2026-04-16 17:31:59.817 [http-nio-8080-exec-5] WARN  com.example.XSJ.utils.Video.VideoGet - 其他类型下无有效池ID，跳过该类型处理
2026-04-16 17:31:59.818 [http-nio-8080-exec-5] WARN  com.example.XSJ.utils.Video.VideoGet - 视频剪辑类型下无有效池ID，跳过该类型处理
2026-04-16 17:31:59.818 [http-nio-8080-exec-5] WARN  com.example.XSJ.utils.Video.VideoGet - Python编程类型下无有效池ID，跳过该类型处理
2026-04-16 18:05:18.972 [Thread-49] WARN  com.alibaba.nacos.common.notify.NotifyCenter - [NotifyCenter] Start destroying Publisher
2026-04-16 18:05:18.972 [Thread-1] WARN  c.alibaba.nacos.common.executor.ThreadPoolManager - [ThreadPoolManager] Start destroying ThreadPool
2026-04-16 18:05:18.973 [Thread-49] WARN  com.alibaba.nacos.common.notify.NotifyCenter - [NotifyCenter] Destruction of the end
2026-04-16 18:05:18.973 [Thread-14] WARN  c.alibaba.nacos.common.http.HttpClientBeanHolder - [HttpClientBeanHolder] Start destroying common HttpClient
2026-04-16 18:05:18.973 [Thread-1] WARN  c.alibaba.nacos.common.executor.ThreadPoolManager - [ThreadPoolManager] Destruction of the end
2026-04-16 18:05:18.973 [Thread-14] WARN  c.alibaba.nacos.common.http.HttpClientBeanHolder - [HttpClientBeanHolder] Destruction of the end
