2026-04-18 00:20:02.065 [http-nio-8080-exec-5] WARN  com.example.XSJ.utils.Video.VideoGet - 其他类型下无有效池ID，跳过该类型处理
2026-04-18 00:27:17.221 [http-nio-8080-exec-3] WARN  com.example.XSJ.utils.Video.VideoGet - 其他类型下无有效池ID，跳过该类型处理
2026-04-18 00:27:21.046 [http-nio-8080-exec-9] WARN  com.example.XSJ.utils.Video.VideoGet - 其他类型下无有效池ID，跳过该类型处理
2026-04-18 00:27:34.594 [http-nio-8080-exec-9] WARN  com.example.XSJ.utils.Video.VideoGet - 其他类型下无有效池ID，跳过该类型处理
2026-04-18 00:29:15.114 [http-nio-8080-exec-7] WARN  com.example.XSJ.utils.Video.VideoGet - 其他类型下无有效池ID，跳过该类型处理
2026-04-18 00:35:31.965 [Thread-49] WARN  com.alibaba.nacos.common.notify.NotifyCenter - [NotifyCenter] Start destroying Publisher
2026-04-18 00:35:31.965 [Thread-14] WARN  c.alibaba.nacos.common.http.HttpClientBeanHolder - [HttpClientBeanHolder] Start destroying common HttpClient
2026-04-18 00:35:31.965 [Thread-1] WARN  c.alibaba.nacos.common.executor.ThreadPoolManager - [ThreadPoolManager] Start destroying ThreadPool
2026-04-18 00:35:31.965 [Thread-49] WARN  com.alibaba.nacos.common.notify.NotifyCenter - [NotifyCenter] Destruction of the end
2026-04-18 00:35:31.967 [Thread-1] WARN  c.alibaba.nacos.common.executor.ThreadPoolManager - [ThreadPoolManager] Destruction of the end
2026-04-18 00:35:31.972 [Thread-14] WARN  c.alibaba.nacos.common.http.HttpClientBeanHolder - [HttpClientBeanHolder] Destruction of the end
2026-04-18 08:19:47.486 [main] WARN  o.s.c.s.PostProcessorRegistrationDelegate$BeanPostProcessorChecker - Bean 'com.alibaba.cloud.nacos.NacosConfigAutoConfiguration' of type [com.alibaba.cloud.nacos.NacosConfigAutoConfiguration] is not eligible for getting processed by all BeanPostProcessors (for example: not eligible for auto-proxying). The currently created BeanPostProcessor [nacosAnnotationProcessor] is declared through a non-static factory method on that class; consider declaring it as static instead.
2026-04-18 08:19:47.492 [main] WARN  o.s.c.s.PostProcessorRegistrationDelegate$BeanPostProcessorChecker - Bean 'nacosConfigProperties' of type [com.alibaba.cloud.nacos.NacosConfigProperties] is not eligible for getting processed by all BeanPostProcessors (for example: not eligible for auto-proxying). Is this bean getting eagerly injected/applied to a currently created BeanPostProcessor [nacosAnnotationProcessor]? Check the corresponding BeanPostProcessor declaration and its dependencies/advisors. If this bean does not have to be post-processed, declare it with ROLE_INFRASTRUCTURE.
2026-04-18 08:19:47.577 [main] WARN  o.s.c.s.PostProcessorRegistrationDelegate$BeanPostProcessorChecker - Bean 'nacosConfigManager' of type [com.alibaba.cloud.nacos.NacosConfigManager] is not eligible for getting processed by all BeanPostProcessors (for example: not eligible for auto-proxying). Is this bean getting eagerly injected/applied to a currently created BeanPostProcessor [nacosAnnotationProcessor]? Check the corresponding BeanPostProcessor declaration and its dependencies/advisors. If this bean does not have to be post-processed, declare it with ROLE_INFRASTRUCTURE.
2026-04-18 08:19:52.068 [main] WARN  i.m.c.instrument.binder.cache.CaffeineCacheMetrics - The cache 'forget:pwd:email:code' is not recording statistics. No meters except 'cache.size' will be registered. Call 'Caffeine#recordStats()' prior to building the cache for metrics to be recorded.
2026-04-18 08:19:52.069 [main] WARN  i.m.c.instrument.binder.cache.CaffeineCacheMetrics - The cache 'login' is not recording statistics. No meters except 'cache.size' will be registered. Call 'Caffeine#recordStats()' prior to building the cache for metrics to be recorded.
2026-04-18 08:19:52.070 [main] WARN  i.m.c.instrument.binder.cache.CaffeineCacheMetrics - The cache 'register' is not recording statistics. No meters except 'cache.size' will be registered. Call 'Caffeine#recordStats()' prior to building the cache for metrics to be recorded.
2026-04-18 08:20:10.492 [http-nio-8080-exec-7] WARN  o.s.w.s.m.support.DefaultHandlerExceptionResolver - Ignoring exception, response committed already: org.springframework.http.converter.HttpMessageNotWritableException: No converter for [class com.example.XSJ.Pojo.Result] with preset Content-Type 'image/png'
2026-04-18 08:20:10.492 [http-nio-8080-exec-7] WARN  o.s.w.s.m.support.DefaultHandlerExceptionResolver - Resolved [org.springframework.http.converter.HttpMessageNotWritableException: No converter for [class com.example.XSJ.Pojo.Result] with preset Content-Type 'image/png']
2026-04-18 08:22:48.765 [http-nio-8080-exec-5] WARN  o.s.w.s.m.support.DefaultHandlerExceptionResolver - Ignoring exception, response committed already: org.springframework.http.converter.HttpMessageNotWritableException: No converter for [class com.example.XSJ.Pojo.Result] with preset Content-Type 'image/png'
2026-04-18 08:22:48.765 [http-nio-8080-exec-5] WARN  o.s.w.s.m.support.DefaultHandlerExceptionResolver - Resolved [org.springframework.http.converter.HttpMessageNotWritableException: No converter for [class com.example.XSJ.Pojo.Result] with preset Content-Type 'image/png']
2026-04-18 08:23:10.015 [http-nio-8080-exec-6] WARN  o.s.w.s.m.support.DefaultHandlerExceptionResolver - Ignoring exception, response committed already: org.springframework.http.converter.HttpMessageNotWritableException: No converter for [class com.example.XSJ.Pojo.Result] with preset Content-Type 'image/png'
2026-04-18 08:23:10.015 [http-nio-8080-exec-6] WARN  o.s.w.s.m.support.DefaultHandlerExceptionResolver - Resolved [org.springframework.http.converter.HttpMessageNotWritableException: No converter for [class com.example.XSJ.Pojo.Result] with preset Content-Type 'image/png']
2026-04-18 08:26:34.143 [Thread-1] WARN  c.alibaba.nacos.common.executor.ThreadPoolManager - [ThreadPoolManager] Start destroying ThreadPool
2026-04-18 08:26:34.143 [Thread-14] WARN  c.alibaba.nacos.common.http.HttpClientBeanHolder - [HttpClientBeanHolder] Start destroying common HttpClient
2026-04-18 08:26:34.144 [Thread-49] WARN  com.alibaba.nacos.common.notify.NotifyCenter - [NotifyCenter] Start destroying Publisher
2026-04-18 08:26:34.144 [Thread-49] WARN  com.alibaba.nacos.common.notify.NotifyCenter - [NotifyCenter] Destruction of the end
2026-04-18 08:26:34.144 [Thread-1] WARN  c.alibaba.nacos.common.executor.ThreadPoolManager - [ThreadPoolManager] Destruction of the end
2026-04-18 08:26:34.144 [Thread-14] WARN  c.alibaba.nacos.common.http.HttpClientBeanHolder - [HttpClientBeanHolder] Destruction of the end
2026-04-18 08:47:23.345 [main] WARN  o.s.c.s.PostProcessorRegistrationDelegate$BeanPostProcessorChecker - Bean 'com.alibaba.cloud.nacos.NacosConfigAutoConfiguration' of type [com.alibaba.cloud.nacos.NacosConfigAutoConfiguration] is not eligible for getting processed by all BeanPostProcessors (for example: not eligible for auto-proxying). The currently created BeanPostProcessor [nacosAnnotationProcessor] is declared through a non-static factory method on that class; consider declaring it as static instead.
2026-04-18 08:47:23.356 [main] WARN  o.s.c.s.PostProcessorRegistrationDelegate$BeanPostProcessorChecker - Bean 'nacosConfigProperties' of type [com.alibaba.cloud.nacos.NacosConfigProperties] is not eligible for getting processed by all BeanPostProcessors (for example: not eligible for auto-proxying). Is this bean getting eagerly injected/applied to a currently created BeanPostProcessor [nacosAnnotationProcessor]? Check the corresponding BeanPostProcessor declaration and its dependencies/advisors. If this bean does not have to be post-processed, declare it with ROLE_INFRASTRUCTURE.
2026-04-18 08:47:23.527 [main] WARN  o.s.c.s.PostProcessorRegistrationDelegate$BeanPostProcessorChecker - Bean 'nacosConfigManager' of type [com.alibaba.cloud.nacos.NacosConfigManager] is not eligible for getting processed by all BeanPostProcessors (for example: not eligible for auto-proxying). Is this bean getting eagerly injected/applied to a currently created BeanPostProcessor [nacosAnnotationProcessor]? Check the corresponding BeanPostProcessor declaration and its dependencies/advisors. If this bean does not have to be post-processed, declare it with ROLE_INFRASTRUCTURE.
2026-04-18 08:47:30.361 [main] WARN  i.m.c.instrument.binder.cache.CaffeineCacheMetrics - The cache 'forget:pwd:email:code' is not recording statistics. No meters except 'cache.size' will be registered. Call 'Caffeine#recordStats()' prior to building the cache for metrics to be recorded.
2026-04-18 08:47:30.363 [main] WARN  i.m.c.instrument.binder.cache.CaffeineCacheMetrics - The cache 'login' is not recording statistics. No meters except 'cache.size' will be registered. Call 'Caffeine#recordStats()' prior to building the cache for metrics to be recorded.
2026-04-18 08:47:30.363 [main] WARN  i.m.c.instrument.binder.cache.CaffeineCacheMetrics - The cache 'register' is not recording statistics. No meters except 'cache.size' will be registered. Call 'Caffeine#recordStats()' prior to building the cache for metrics to be recorded.
2026-04-18 08:47:51.577 [http-nio-8080-exec-3] WARN  o.s.w.s.m.support.DefaultHandlerExceptionResolver - Ignoring exception, response committed already: org.springframework.http.converter.HttpMessageNotWritableException: No converter for [class com.example.XSJ.Pojo.Result] with preset Content-Type 'image/png'
2026-04-18 08:47:51.578 [http-nio-8080-exec-3] WARN  o.s.w.s.m.support.DefaultHandlerExceptionResolver - Resolved [org.springframework.http.converter.HttpMessageNotWritableException: No converter for [class com.example.XSJ.Pojo.Result] with preset Content-Type 'image/png']
2026-04-18 09:30:19.182 [HikariPool-1:housekeeper] WARN  com.zaxxer.hikari.pool.HikariPool - HikariPool-1 - Thread starvation or clock leap detected (housekeeper delta=41m36s677ms395µs300ns).
2026-04-18 09:33:19.460 [http-nio-8080-exec-10] WARN  o.s.w.s.m.support.DefaultHandlerExceptionResolver - Ignoring exception, response committed already: org.springframework.http.converter.HttpMessageNotWritableException: No converter for [class com.example.XSJ.Pojo.Result] with preset Content-Type 'image/png'
2026-04-18 09:33:19.461 [http-nio-8080-exec-10] WARN  o.s.w.s.m.support.DefaultHandlerExceptionResolver - Resolved [org.springframework.http.converter.HttpMessageNotWritableException: No converter for [class com.example.XSJ.Pojo.Result] with preset Content-Type 'image/png']
2026-04-18 09:33:23.723 [http-nio-8080-exec-1] WARN  o.s.w.s.m.support.DefaultHandlerExceptionResolver - Ignoring exception, response committed already: org.springframework.http.converter.HttpMessageNotWritableException: No converter for [class com.example.XSJ.Pojo.Result] with preset Content-Type 'image/png'
2026-04-18 09:33:23.723 [http-nio-8080-exec-1] WARN  o.s.w.s.m.support.DefaultHandlerExceptionResolver - Resolved [org.springframework.http.converter.HttpMessageNotWritableException: No converter for [class com.example.XSJ.Pojo.Result] with preset Content-Type 'image/png']
2026-04-18 09:34:31.339 [http-nio-8080-exec-8] WARN  o.s.w.s.m.support.DefaultHandlerExceptionResolver - Ignoring exception, response committed already: org.springframework.http.converter.HttpMessageNotWritableException: No converter for [class com.example.XSJ.Pojo.Result] with preset Content-Type 'image/png'
2026-04-18 09:34:31.339 [http-nio-8080-exec-8] WARN  o.s.w.s.m.support.DefaultHandlerExceptionResolver - Resolved [org.springframework.http.converter.HttpMessageNotWritableException: No converter for [class com.example.XSJ.Pojo.Result] with preset Content-Type 'image/png']
2026-04-18 09:40:23.967 [http-nio-8080-exec-6] WARN  o.s.w.s.m.support.DefaultHandlerExceptionResolver - Ignoring exception, response committed already: org.springframework.http.converter.HttpMessageNotWritableException: No converter for [class com.example.XSJ.Pojo.Result] with preset Content-Type 'image/png'
2026-04-18 09:40:23.967 [http-nio-8080-exec-6] WARN  o.s.w.s.m.support.DefaultHandlerExceptionResolver - Resolved [org.springframework.http.converter.HttpMessageNotWritableException: No converter for [class com.example.XSJ.Pojo.Result] with preset Content-Type 'image/png']
2026-04-18 09:40:31.996 [http-nio-8080-exec-8] WARN  o.s.w.s.m.support.DefaultHandlerExceptionResolver - Ignoring exception, response committed already: org.springframework.http.converter.HttpMessageNotWritableException: No converter for [class com.example.XSJ.Pojo.Result] with preset Content-Type 'image/png'
2026-04-18 09:40:31.996 [http-nio-8080-exec-8] WARN  o.s.w.s.m.support.DefaultHandlerExceptionResolver - Resolved [org.springframework.http.converter.HttpMessageNotWritableException: No converter for [class com.example.XSJ.Pojo.Result] with preset Content-Type 'image/png']
2026-04-18 09:41:51.242 [http-nio-8080-exec-9] WARN  o.s.w.s.m.support.DefaultHandlerExceptionResolver - Ignoring exception, response committed already: org.springframework.http.converter.HttpMessageNotWritableException: No converter for [class com.example.XSJ.Pojo.Result] with preset Content-Type 'image/png'
2026-04-18 09:41:51.242 [http-nio-8080-exec-9] WARN  o.s.w.s.m.support.DefaultHandlerExceptionResolver - Resolved [org.springframework.http.converter.HttpMessageNotWritableException: No converter for [class com.example.XSJ.Pojo.Result] with preset Content-Type 'image/png']
2026-04-18 09:53:44.580 [HikariPool-1:housekeeper] WARN  com.zaxxer.hikari.pool.HikariPool - HikariPool-1 - Thread starvation or clock leap detected (housekeeper delta=55s30ms308µs800ns).
2026-04-18 10:08:45.957 [HikariPool-1:housekeeper] WARN  com.zaxxer.hikari.pool.HikariPool - HikariPool-1 - Thread starvation or clock leap detected (housekeeper delta=15m1s378ms717µs300ns).
2026-04-18 12:04:08.279 [HikariPool-1:housekeeper] WARN  com.zaxxer.hikari.pool.HikariPool - HikariPool-1 - Thread starvation or clock leap detected (housekeeper delta=1h55m28s69ms892µs700ns).
2026-04-18 12:14:02.746 [Thread-49] WARN  com.alibaba.nacos.common.notify.NotifyCenter - [NotifyCenter] Start destroying Publisher
2026-04-18 12:14:02.746 [Thread-1] WARN  c.alibaba.nacos.common.executor.ThreadPoolManager - [ThreadPoolManager] Start destroying ThreadPool
2026-04-18 12:14:02.746 [Thread-49] WARN  com.alibaba.nacos.common.notify.NotifyCenter - [NotifyCenter] Destruction of the end
2026-04-18 12:14:02.747 [Thread-1] WARN  c.alibaba.nacos.common.executor.ThreadPoolManager - [ThreadPoolManager] Destruction of the end
2026-04-18 12:14:02.747 [Thread-14] WARN  c.alibaba.nacos.common.http.HttpClientBeanHolder - [HttpClientBeanHolder] Start destroying common HttpClient
2026-04-18 12:14:02.748 [Thread-14] WARN  c.alibaba.nacos.common.http.HttpClientBeanHolder - [HttpClientBeanHolder] Destruction of the end
