2026-05-30 16:13:25.607 [reactor-http-nio-3] ERROR com.example.XSJ.service.Ai.AiChatService - API调用失败，状态码: 403 FORBIDDEN, 响应: {"error":{"message":"The free tier of the model has been exhausted. If you wish to continue access the model on a paid basis, please disable the \"use free tier only\" mode in the management console.","type":"AllocationQuota.FreeTierOnly","param":null,"code":"AllocationQuota.FreeTierOnly"},"id":"chatcmpl-6cb4511f-1ace-9093-8341-5f90edfa0097","request_id":"6cb4511f-1ace-9093-8341-5f90edfa0097"}
2026-05-30 16:13:25.616 [reactor-http-nio-3] ERROR com.example.XSJ.service.Ai.AiChatService - AI流式对话失败
java.lang.RuntimeException: API调用失败: {"error":{"message":"The free tier of the model has been exhausted. If you wish to continue access the model on a paid basis, please disable the \"use free tier only\" mode in the management console.","type":"AllocationQuota.FreeTierOnly","param":null,"code":"AllocationQuota.FreeTierOnly"},"id":"chatcmpl-6cb4511f-1ace-9093-8341-5f90edfa0097","request_id":"6cb4511f-1ace-9093-8341-5f90edfa0097"}
	at com.example.XSJ.service.Ai.AiChatService.lambda$callAiApi$4(AiChatService.java:281)
	Suppressed: reactor.core.publisher.FluxOnAssembly$OnAssemblyException: 
Assembly trace from producer [reactor.core.publisher.MonoFlatMap] :
	reactor.core.publisher.Mono.flatMap(Mono.java:3179)
	com.example.XSJ.service.Ai.AiChatService.lambda$callAiApi$5(AiChatService.java:279)
Error has been observed at the following site(s):
	*________Mono.flatMap ⇢ at com.example.XSJ.service.Ai.AiChatService.lambda$callAiApi$5(AiChatService.java:279)
	|_       Mono.flatMap ⇢ at org.springframework.web.reactive.function.client.DefaultWebClient$DefaultResponseSpec.applyStatusHandlers(DefaultWebClient.java:697)
	|_ Mono.onErrorResume ⇢ at org.springframework.web.reactive.function.client.DefaultWebClient$DefaultResponseSpec.applyStatusHandlers(DefaultWebClient.java:698)
	|_       Mono.flatMap ⇢ at org.springframework.web.reactive.function.client.DefaultWebClient$DefaultResponseSpec.applyStatusHandlers(DefaultWebClient.java:703)
	|_         checkpoint ⇢ 403 FORBIDDEN from POST https://dashscope.aliyuncs.com/compatible-mode/v1/chat/completions [DefaultWebClient]
	|_          Mono.flux ⇢ at org.springframework.web.reactive.function.client.DefaultWebClient$DefaultResponseSpec.handleBodyFlux(DefaultWebClient.java:672)
	|_ Flux.switchIfEmpty ⇢ at org.springframework.web.reactive.function.client.DefaultWebClient$DefaultResponseSpec.handleBodyFlux(DefaultWebClient.java:672)
	*___________Mono.then ⇢ at org.springframework.web.reactive.function.client.DefaultWebClient.releaseIfNotConsumed(DefaultWebClient.java:197)
	*____Mono.flatMapMany ⇢ at org.springframework.web.reactive.function.client.DefaultWebClient$DefaultResponseSpec.bodyToFlux(DefaultWebClient.java:596)
	|_           Flux.map ⇢ at com.example.XSJ.service.Ai.AiChatService.callAiApi(AiChatService.java:285)
	|_       Flux.flatMap ⇢ at com.example.XSJ.service.Ai.AiChatService.callAiApi(AiChatService.java:291)
	|_  Flux.doOnComplete ⇢ at com.example.XSJ.service.Ai.AiChatService.callAiApi(AiChatService.java:292)
	*_____Flux.concatWith ⇢ at com.example.XSJ.service.Ai.AiChatService.callAiApi(AiChatService.java:299)
Original Stack Trace:
		at com.example.XSJ.service.Ai.AiChatService.lambda$callAiApi$4(AiChatService.java:281)
		at reactor.core.publisher.MonoFlatMap$FlatMapMain.onNext(MonoFlatMap.java:132)
		at reactor.core.publisher.FluxMapFuseable$MapFuseableSubscriber.onNext(FluxMapFuseable.java:129)
		at reactor.core.publisher.FluxContextWrite$ContextWriteSubscriber.onNext(FluxContextWrite.java:107)
		at reactor.core.publisher.FluxMapFuseable$MapFuseableConditionalSubscriber.onNext(FluxMapFuseable.java:299)
		at reactor.core.publisher.FluxFilterFuseable$FilterFuseableConditionalSubscriber.onNext(FluxFilterFuseable.java:337)
		at reactor.core.publisher.Operators$BaseFluxToMonoOperator.completePossiblyEmpty(Operators.java:2096)
		at reactor.core.publisher.MonoCollect$CollectSubscriber.onComplete(MonoCollect.java:145)
		at reactor.core.publisher.FluxMapFuseable$MapFuseableSubscriber.onComplete(FluxMapFuseable.java:152)
		at reactor.core.publisher.FluxPeekFuseable$PeekFuseableSubscriber.onComplete(FluxPeekFuseable.java:277)
		at reactor.core.publisher.FluxMap$MapSubscriber.onComplete(FluxMap.java:144)
		at reactor.netty.channel.FluxReceive.onInboundComplete(FluxReceive.java:413)
		at reactor.netty.channel.ChannelOperations.onInboundComplete(ChannelOperations.java:455)
		at reactor.netty.channel.ChannelOperations.terminate(ChannelOperations.java:509)
		at reactor.netty.http.client.HttpClientOperations.onInboundNext(HttpClientOperations.java:847)
		at reactor.netty.channel.ChannelOperationsHandler.channelRead(ChannelOperationsHandler.java:115)
		at io.netty.channel.AbstractChannelHandlerContext.invokeChannelRead(AbstractChannelHandlerContext.java:444)
		at io.netty.channel.AbstractChannelHandlerContext.invokeChannelRead(AbstractChannelHandlerContext.java:420)
		at io.netty.channel.AbstractChannelHandlerContext.fireChannelRead(AbstractChannelHandlerContext.java:412)
		at io.netty.handler.codec.http.HttpContentDecoder.decode(HttpContentDecoder.java:181)
		at io.netty.handler.codec.http.HttpContentDecoder.decode(HttpContentDecoder.java:48)
		at io.netty.handler.codec.MessageToMessageDecoder.channelRead(MessageToMessageDecoder.java:91)
		at io.netty.channel.AbstractChannelHandlerContext.invokeChannelRead(AbstractChannelHandlerContext.java:444)
		at io.netty.channel.AbstractChannelHandlerContext.invokeChannelRead(AbstractChannelHandlerContext.java:420)
		at io.netty.channel.AbstractChannelHandlerContext.fireChannelRead(AbstractChannelHandlerContext.java:412)
		at io.netty.channel.CombinedChannelDuplexHandler$DelegatingChannelHandlerContext.fireChannelRead(CombinedChannelDuplexHandler.java:436)
		at io.netty.handler.codec.ByteToMessageDecoder.fireChannelRead(ByteToMessageDecoder.java:346)
		at io.netty.handler.codec.ByteToMessageDecoder.channelRead(ByteToMessageDecoder.java:318)
		at io.netty.channel.CombinedChannelDuplexHandler.channelRead(CombinedChannelDuplexHandler.java:251)
		at io.netty.channel.AbstractChannelHandlerContext.invokeChannelRead(AbstractChannelHandlerContext.java:442)
		at io.netty.channel.AbstractChannelHandlerContext.invokeChannelRead(AbstractChannelHandlerContext.java:420)
		at io.netty.channel.AbstractChannelHandlerContext.fireChannelRead(AbstractChannelHandlerContext.java:412)
		at io.netty.handler.ssl.SslHandler.unwrap(SslHandler.java:1519)
		at io.netty.handler.ssl.SslHandler.decodeJdkCompatible(SslHandler.java:1377)
		at io.netty.handler.ssl.SslHandler.decode(SslHandler.java:1428)
		at io.netty.handler.codec.ByteToMessageDecoder.decodeRemovalReentryProtection(ByteToMessageDecoder.java:530)
		at io.netty.handler.codec.ByteToMessageDecoder.callDecode(ByteToMessageDecoder.java:469)
		at io.netty.handler.codec.ByteToMessageDecoder.channelRead(ByteToMessageDecoder.java:290)
		at io.netty.channel.AbstractChannelHandlerContext.invokeChannelRead(AbstractChannelHandlerContext.java:444)
		at io.netty.channel.AbstractChannelHandlerContext.invokeChannelRead(AbstractChannelHandlerContext.java:420)
		at io.netty.channel.AbstractChannelHandlerContext.fireChannelRead(AbstractChannelHandlerContext.java:412)
		at io.netty.channel.DefaultChannelPipeline$HeadContext.channelRead(DefaultChannelPipeline.java:1357)
		at io.netty.channel.AbstractChannelHandlerContext.invokeChannelRead(AbstractChannelHandlerContext.java:440)
		at io.netty.channel.AbstractChannelHandlerContext.invokeChannelRead(AbstractChannelHandlerContext.java:420)
		at io.netty.channel.DefaultChannelPipeline.fireChannelRead(DefaultChannelPipeline.java:868)
		at io.netty.channel.nio.AbstractNioByteChannel$NioByteUnsafe.read(AbstractNioByteChannel.java:166)
		at io.netty.channel.nio.NioEventLoop.processSelectedKey(NioEventLoop.java:796)
		at io.netty.channel.nio.NioEventLoop.processSelectedKeysOptimized(NioEventLoop.java:732)
		at io.netty.channel.nio.NioEventLoop.processSelectedKeys(NioEventLoop.java:658)
		at io.netty.channel.nio.NioEventLoop.run(NioEventLoop.java:562)
		at io.netty.util.concurrent.SingleThreadEventExecutor$4.run(SingleThreadEventExecutor.java:998)
		at io.netty.util.internal.ThreadExecutorMap$2.run(ThreadExecutorMap.java:74)
		at io.netty.util.concurrent.FastThreadLocalRunnable.run(FastThreadLocalRunnable.java:30)
		at java.base/java.lang.Thread.run(Thread.java:840)
2026-05-30 16:13:38.797 [reactor-http-nio-3] ERROR com.example.XSJ.service.Ai.AiChatService - API调用失败，状态码: 403 FORBIDDEN, 响应: {"error":{"message":"The free tier of the model has been exhausted. If you wish to continue access the model on a paid basis, please disable the \"use free tier only\" mode in the management console.","type":"AllocationQuota.FreeTierOnly","param":null,"code":"AllocationQuota.FreeTierOnly"},"id":"chatcmpl-145308fc-52cb-9d79-be0a-1a589ca68618","request_id":"145308fc-52cb-9d79-be0a-1a589ca68618"}
2026-05-30 16:13:38.798 [reactor-http-nio-3] ERROR com.example.XSJ.service.Ai.AiChatService - AI流式对话失败
java.lang.RuntimeException: API调用失败: {"error":{"message":"The free tier of the model has been exhausted. If you wish to continue access the model on a paid basis, please disable the \"use free tier only\" mode in the management console.","type":"AllocationQuota.FreeTierOnly","param":null,"code":"AllocationQuota.FreeTierOnly"},"id":"chatcmpl-145308fc-52cb-9d79-be0a-1a589ca68618","request_id":"145308fc-52cb-9d79-be0a-1a589ca68618"}
	at com.example.XSJ.service.Ai.AiChatService.lambda$callAiApi$4(AiChatService.java:281)
	Suppressed: reactor.core.publisher.FluxOnAssembly$OnAssemblyException: 
Assembly trace from producer [reactor.core.publisher.MonoFlatMap] :
	reactor.core.publisher.Mono.flatMap(Mono.java:3179)
	com.example.XSJ.service.Ai.AiChatService.lambda$callAiApi$5(AiChatService.java:279)
Error has been observed at the following site(s):
	*________Mono.flatMap ⇢ at com.example.XSJ.service.Ai.AiChatService.lambda$callAiApi$5(AiChatService.java:279)
	|_       Mono.flatMap ⇢ at org.springframework.web.reactive.function.client.DefaultWebClient$DefaultResponseSpec.applyStatusHandlers(DefaultWebClient.java:697)
	|_ Mono.onErrorResume ⇢ at org.springframework.web.reactive.function.client.DefaultWebClient$DefaultResponseSpec.applyStatusHandlers(DefaultWebClient.java:698)
	|_       Mono.flatMap ⇢ at org.springframework.web.reactive.function.client.DefaultWebClient$DefaultResponseSpec.applyStatusHandlers(DefaultWebClient.java:703)
	|_         checkpoint ⇢ 403 FORBIDDEN from POST https://dashscope.aliyuncs.com/compatible-mode/v1/chat/completions [DefaultWebClient]
	|_          Mono.flux ⇢ at org.springframework.web.reactive.function.client.DefaultWebClient$DefaultResponseSpec.handleBodyFlux(DefaultWebClient.java:672)
	|_ Flux.switchIfEmpty ⇢ at org.springframework.web.reactive.function.client.DefaultWebClient$DefaultResponseSpec.handleBodyFlux(DefaultWebClient.java:672)
	*___________Mono.then ⇢ at org.springframework.web.reactive.function.client.DefaultWebClient.releaseIfNotConsumed(DefaultWebClient.java:197)
	*____Mono.flatMapMany ⇢ at org.springframework.web.reactive.function.client.DefaultWebClient$DefaultResponseSpec.bodyToFlux(DefaultWebClient.java:596)
	|_           Flux.map ⇢ at com.example.XSJ.service.Ai.AiChatService.callAiApi(AiChatService.java:285)
	|_       Flux.flatMap ⇢ at com.example.XSJ.service.Ai.AiChatService.callAiApi(AiChatService.java:291)
	|_  Flux.doOnComplete ⇢ at com.example.XSJ.service.Ai.AiChatService.callAiApi(AiChatService.java:292)
	*_____Flux.concatWith ⇢ at com.example.XSJ.service.Ai.AiChatService.callAiApi(AiChatService.java:299)
Original Stack Trace:
		at com.example.XSJ.service.Ai.AiChatService.lambda$callAiApi$4(AiChatService.java:281)
		at reactor.core.publisher.MonoFlatMap$FlatMapMain.onNext(MonoFlatMap.java:132)
		at reactor.core.publisher.FluxMapFuseable$MapFuseableSubscriber.onNext(FluxMapFuseable.java:129)
		at reactor.core.publisher.FluxContextWrite$ContextWriteSubscriber.onNext(FluxContextWrite.java:107)
		at reactor.core.publisher.FluxMapFuseable$MapFuseableConditionalSubscriber.onNext(FluxMapFuseable.java:299)
		at reactor.core.publisher.FluxFilterFuseable$FilterFuseableConditionalSubscriber.onNext(FluxFilterFuseable.java:337)
		at reactor.core.publisher.Operators$BaseFluxToMonoOperator.completePossiblyEmpty(Operators.java:2096)
		at reactor.core.publisher.MonoCollect$CollectSubscriber.onComplete(MonoCollect.java:145)
		at reactor.core.publisher.FluxMapFuseable$MapFuseableSubscriber.onComplete(FluxMapFuseable.java:152)
		at reactor.core.publisher.FluxPeekFuseable$PeekFuseableSubscriber.onComplete(FluxPeekFuseable.java:277)
		at reactor.core.publisher.FluxMap$MapSubscriber.onComplete(FluxMap.java:144)
		at reactor.netty.channel.FluxReceive.onInboundComplete(FluxReceive.java:413)
		at reactor.netty.channel.ChannelOperations.onInboundComplete(ChannelOperations.java:455)
		at reactor.netty.channel.ChannelOperations.terminate(ChannelOperations.java:509)
		at reactor.netty.http.client.HttpClientOperations.onInboundNext(HttpClientOperations.java:847)
		at reactor.netty.channel.ChannelOperationsHandler.channelRead(ChannelOperationsHandler.java:115)
		at io.netty.channel.AbstractChannelHandlerContext.invokeChannelRead(AbstractChannelHandlerContext.java:444)
		at io.netty.channel.AbstractChannelHandlerContext.invokeChannelRead(AbstractChannelHandlerContext.java:420)
		at io.netty.channel.AbstractChannelHandlerContext.fireChannelRead(AbstractChannelHandlerContext.java:412)
		at io.netty.handler.codec.http.HttpContentDecoder.decode(HttpContentDecoder.java:181)
		at io.netty.handler.codec.http.HttpContentDecoder.decode(HttpContentDecoder.java:48)
		at io.netty.handler.codec.MessageToMessageDecoder.channelRead(MessageToMessageDecoder.java:91)
		at io.netty.channel.AbstractChannelHandlerContext.invokeChannelRead(AbstractChannelHandlerContext.java:444)
		at io.netty.channel.AbstractChannelHandlerContext.invokeChannelRead(AbstractChannelHandlerContext.java:420)
		at io.netty.channel.AbstractChannelHandlerContext.fireChannelRead(AbstractChannelHandlerContext.java:412)
		at io.netty.channel.CombinedChannelDuplexHandler$DelegatingChannelHandlerContext.fireChannelRead(CombinedChannelDuplexHandler.java:436)
		at io.netty.handler.codec.ByteToMessageDecoder.fireChannelRead(ByteToMessageDecoder.java:346)
		at io.netty.handler.codec.ByteToMessageDecoder.channelRead(ByteToMessageDecoder.java:318)
		at io.netty.channel.CombinedChannelDuplexHandler.channelRead(CombinedChannelDuplexHandler.java:251)
		at io.netty.channel.AbstractChannelHandlerContext.invokeChannelRead(AbstractChannelHandlerContext.java:442)
		at io.netty.channel.AbstractChannelHandlerContext.invokeChannelRead(AbstractChannelHandlerContext.java:420)
		at io.netty.channel.AbstractChannelHandlerContext.fireChannelRead(AbstractChannelHandlerContext.java:412)
		at io.netty.handler.ssl.SslHandler.unwrap(SslHandler.java:1519)
		at io.netty.handler.ssl.SslHandler.decodeJdkCompatible(SslHandler.java:1377)
		at io.netty.handler.ssl.SslHandler.decode(SslHandler.java:1428)
		at io.netty.handler.codec.ByteToMessageDecoder.decodeRemovalReentryProtection(ByteToMessageDecoder.java:530)
		at io.netty.handler.codec.ByteToMessageDecoder.callDecode(ByteToMessageDecoder.java:469)
		at io.netty.handler.codec.ByteToMessageDecoder.channelRead(ByteToMessageDecoder.java:290)
		at io.netty.channel.AbstractChannelHandlerContext.invokeChannelRead(AbstractChannelHandlerContext.java:444)
		at io.netty.channel.AbstractChannelHandlerContext.invokeChannelRead(AbstractChannelHandlerContext.java:420)
		at io.netty.channel.AbstractChannelHandlerContext.fireChannelRead(AbstractChannelHandlerContext.java:412)
		at io.netty.channel.DefaultChannelPipeline$HeadContext.channelRead(DefaultChannelPipeline.java:1357)
		at io.netty.channel.AbstractChannelHandlerContext.invokeChannelRead(AbstractChannelHandlerContext.java:440)
		at io.netty.channel.AbstractChannelHandlerContext.invokeChannelRead(AbstractChannelHandlerContext.java:420)
		at io.netty.channel.DefaultChannelPipeline.fireChannelRead(DefaultChannelPipeline.java:868)
		at io.netty.channel.nio.AbstractNioByteChannel$NioByteUnsafe.read(AbstractNioByteChannel.java:166)
		at io.netty.channel.nio.NioEventLoop.processSelectedKey(NioEventLoop.java:796)
		at io.netty.channel.nio.NioEventLoop.processSelectedKeysOptimized(NioEventLoop.java:732)
		at io.netty.channel.nio.NioEventLoop.processSelectedKeys(NioEventLoop.java:658)
		at io.netty.channel.nio.NioEventLoop.run(NioEventLoop.java:562)
		at io.netty.util.concurrent.SingleThreadEventExecutor$4.run(SingleThreadEventExecutor.java:998)
		at io.netty.util.internal.ThreadExecutorMap$2.run(ThreadExecutorMap.java:74)
		at io.netty.util.concurrent.FastThreadLocalRunnable.run(FastThreadLocalRunnable.java:30)
		at java.base/java.lang.Thread.run(Thread.java:840)
2026-05-30 16:20:47.636 [http-nio-8080-exec-8] ERROR o.a.c.c.C.[.[localhost].[/].[dispatcherServlet] - Servlet.service() for servlet [dispatcherServlet] in context with path [] threw exception [Request processing failed: java.lang.IllegalStateException: Optional int parameter 'status' is present but cannot be translated into a null value due to being declared as a primitive type. Consider declaring it as object wrapper for the corresponding primitive type.] with root cause
java.lang.IllegalStateException: Optional int parameter 'status' is present but cannot be translated into a null value due to being declared as a primitive type. Consider declaring it as object wrapper for the corresponding primitive type.
	at org.springframework.web.method.annotation.AbstractNamedValueMethodArgumentResolver.handleNullValue(AbstractNamedValueMethodArgumentResolver.java:271)
	at org.springframework.web.method.annotation.AbstractNamedValueMethodArgumentResolver.resolveArgument(AbstractNamedValueMethodArgumentResolver.java:128)
	at org.springframework.web.method.support.HandlerMethodArgumentResolverComposite.resolveArgument(HandlerMethodArgumentResolverComposite.java:122)
	at org.springframework.web.method.support.InvocableHandlerMethod.getMethodArgumentValues(InvocableHandlerMethod.java:227)
	at org.springframework.web.method.support.InvocableHandlerMethod.invokeForRequest(InvocableHandlerMethod.java:181)
	at org.springframework.web.servlet.mvc.method.annotation.ServletInvocableHandlerMethod.invokeAndHandle(ServletInvocableHandlerMethod.java:118)
	at org.springframework.web.servlet.mvc.method.annotation.RequestMappingHandlerAdapter.invokeHandlerMethod(RequestMappingHandlerAdapter.java:991)
	at org.springframework.web.servlet.mvc.method.annotation.RequestMappingHandlerAdapter.handleInternal(RequestMappingHandlerAdapter.java:896)
	at org.springframework.web.servlet.mvc.method.AbstractHandlerMethodAdapter.handle(AbstractHandlerMethodAdapter.java:87)
	at org.springframework.web.servlet.DispatcherServlet.doDispatch(DispatcherServlet.java:1089)
	at org.springframework.web.servlet.DispatcherServlet.doService(DispatcherServlet.java:979)
	at org.springframework.web.servlet.FrameworkServlet.processRequest(FrameworkServlet.java:1014)
	at org.springframework.web.servlet.FrameworkServlet.doGet(FrameworkServlet.java:903)
	at jakarta.servlet.http.HttpServlet.service(HttpServlet.java:564)
	at org.springframework.web.servlet.FrameworkServlet.service(FrameworkServlet.java:885)
	at jakarta.servlet.http.HttpServlet.service(HttpServlet.java:658)
	at org.apache.catalina.core.ApplicationFilterChain.internalDoFilter(ApplicationFilterChain.java:195)
	at org.apache.catalina.core.ApplicationFilterChain.doFilter(ApplicationFilterChain.java:140)
	at org.apache.tomcat.websocket.server.WsFilter.doFilter(WsFilter.java:51)
	at org.apache.catalina.core.ApplicationFilterChain.internalDoFilter(ApplicationFilterChain.java:164)
	at org.apache.catalina.core.ApplicationFilterChain.doFilter(ApplicationFilterChain.java:140)
	at org.springframework.web.filter.RequestContextFilter.doFilterInternal(RequestContextFilter.java:100)
	at org.springframework.web.filter.OncePerRequestFilter.doFilter(OncePerRequestFilter.java:116)
	at org.apache.catalina.core.ApplicationFilterChain.internalDoFilter(ApplicationFilterChain.java:164)
	at org.apache.catalina.core.ApplicationFilterChain.doFilter(ApplicationFilterChain.java:140)
	at org.springframework.web.filter.FormContentFilter.doFilterInternal(FormContentFilter.java:93)
	at org.springframework.web.filter.OncePerRequestFilter.doFilter(OncePerRequestFilter.java:116)
	at org.apache.catalina.core.ApplicationFilterChain.internalDoFilter(ApplicationFilterChain.java:164)
	at org.apache.catalina.core.ApplicationFilterChain.doFilter(ApplicationFilterChain.java:140)
	at org.springframework.web.filter.ServerHttpObservationFilter.doFilterInternal(ServerHttpObservationFilter.java:110)
	at org.springframework.web.filter.OncePerRequestFilter.doFilter(OncePerRequestFilter.java:116)
	at org.apache.catalina.core.ApplicationFilterChain.internalDoFilter(ApplicationFilterChain.java:164)
	at org.apache.catalina.core.ApplicationFilterChain.doFilter(ApplicationFilterChain.java:140)
	at org.springframework.web.filter.CharacterEncodingFilter.doFilterInternal(CharacterEncodingFilter.java:201)
	at org.springframework.web.filter.OncePerRequestFilter.doFilter(OncePerRequestFilter.java:116)
	at org.apache.catalina.core.ApplicationFilterChain.internalDoFilter(ApplicationFilterChain.java:164)
	at org.apache.catalina.core.ApplicationFilterChain.doFilter(ApplicationFilterChain.java:140)
	at org.apache.catalina.core.StandardWrapperValve.invoke(StandardWrapperValve.java:167)
	at org.apache.catalina.core.StandardContextValve.invoke(StandardContextValve.java:90)
	at org.apache.catalina.authenticator.AuthenticatorBase.invoke(AuthenticatorBase.java:483)
	at org.apache.catalina.core.StandardHostValve.invoke(StandardHostValve.java:116)
	at org.apache.catalina.valves.ErrorReportValve.invoke(ErrorReportValve.java:93)
	at org.apache.catalina.core.StandardEngineValve.invoke(StandardEngineValve.java:74)
	at org.apache.catalina.connector.CoyoteAdapter.service(CoyoteAdapter.java:344)
	at org.apache.coyote.http11.Http11Processor.service(Http11Processor.java:398)
	at org.apache.coyote.AbstractProcessorLight.process(AbstractProcessorLight.java:63)
	at org.apache.coyote.AbstractProtocol$ConnectionHandler.process(AbstractProtocol.java:903)
	at org.apache.tomcat.util.net.NioEndpoint$SocketProcessor.doRun(NioEndpoint.java:1776)
	at org.apache.tomcat.util.net.SocketProcessorBase.run(SocketProcessorBase.java:52)
	at org.apache.tomcat.util.threads.ThreadPoolExecutor.runWorker(ThreadPoolExecutor.java:975)
	at org.apache.tomcat.util.threads.ThreadPoolExecutor$Worker.run(ThreadPoolExecutor.java:493)
	at org.apache.tomcat.util.threads.TaskThread$WrappingRunnable.run(TaskThread.java:63)
	at java.base/java.lang.Thread.run(Thread.java:840)
