2026-05-30 14:06:47.585 [main] WARN  o.s.c.s.PostProcessorRegistrationDelegate$BeanPostProcessorChecker - Bean 'com.alibaba.cloud.nacos.NacosConfigAutoConfiguration' of type [com.alibaba.cloud.nacos.NacosConfigAutoConfiguration] is not eligible for getting processed by all BeanPostProcessors (for example: not eligible for auto-proxying). The currently created BeanPostProcessor [nacosAnnotationProcessor] is declared through a non-static factory method on that class; consider declaring it as static instead.
2026-05-30 14:06:47.592 [main] WARN  o.s.c.s.PostProcessorRegistrationDelegate$BeanPostProcessorChecker - Bean 'nacosConfigProperties' of type [com.alibaba.cloud.nacos.NacosConfigProperties] is not eligible for getting processed by all BeanPostProcessors (for example: not eligible for auto-proxying). Is this bean getting eagerly injected/applied to a currently created BeanPostProcessor [nacosAnnotationProcessor]? Check the corresponding BeanPostProcessor declaration and its dependencies/advisors. If this bean does not have to be post-processed, declare it with ROLE_INFRASTRUCTURE.
2026-05-30 14:06:47.656 [main] WARN  o.s.c.s.PostProcessorRegistrationDelegate$BeanPostProcessorChecker - Bean 'nacosConfigManager' of type [com.alibaba.cloud.nacos.NacosConfigManager] is not eligible for getting processed by all BeanPostProcessors (for example: not eligible for auto-proxying). Is this bean getting eagerly injected/applied to a currently created BeanPostProcessor [nacosAnnotationProcessor]? Check the corresponding BeanPostProcessor declaration and its dependencies/advisors. If this bean does not have to be post-processed, declare it with ROLE_INFRASTRUCTURE.
2026-05-30 14:06:51.119 [main] WARN  i.m.c.instrument.binder.cache.CaffeineCacheMetrics - The cache 'forget:pwd:email:code' is not recording statistics. No meters except 'cache.size' will be registered. Call 'Caffeine#recordStats()' prior to building the cache for metrics to be recorded.
2026-05-30 14:06:51.120 [main] WARN  i.m.c.instrument.binder.cache.CaffeineCacheMetrics - The cache 'login' is not recording statistics. No meters except 'cache.size' will be registered. Call 'Caffeine#recordStats()' prior to building the cache for metrics to be recorded.
2026-05-30 14:06:51.120 [main] WARN  i.m.c.instrument.binder.cache.CaffeineCacheMetrics - The cache 'register' is not recording statistics. No meters except 'cache.size' will be registered. Call 'Caffeine#recordStats()' prior to building the cache for metrics to be recorded.
2026-05-30 14:07:24.829 [http-nio-8080-exec-3] WARN  o.s.w.s.m.support.DefaultHandlerExceptionResolver - Ignoring exception, response committed already: org.springframework.http.converter.HttpMessageNotWritableException: No converter for [class com.example.XSJ.Pojo.Result] with preset Content-Type 'image/png'
2026-05-30 14:07:24.830 [http-nio-8080-exec-3] WARN  o.s.w.s.m.support.DefaultHandlerExceptionResolver - Resolved [org.springframework.http.converter.HttpMessageNotWritableException: No converter for [class com.example.XSJ.Pojo.Result] with preset Content-Type 'image/png']
2026-05-30 14:07:39.218 [http-nio-8080-exec-7] WARN  o.s.w.s.m.support.DefaultHandlerExceptionResolver - Ignoring exception, response committed already: org.springframework.http.converter.HttpMessageNotWritableException: No converter for [class com.example.XSJ.Pojo.Result] with preset Content-Type 'image/png'
2026-05-30 14:07:39.218 [http-nio-8080-exec-7] WARN  o.s.w.s.m.support.DefaultHandlerExceptionResolver - Resolved [org.springframework.http.converter.HttpMessageNotWritableException: No converter for [class com.example.XSJ.Pojo.Result] with preset Content-Type 'image/png']
2026-05-30 15:53:04.445 [http-nio-8080-exec-1] WARN  o.s.w.s.m.support.DefaultHandlerExceptionResolver - Ignoring exception, response committed already: org.springframework.http.converter.HttpMessageNotWritableException: No converter for [class com.example.XSJ.Pojo.Result] with preset Content-Type 'image/png'
2026-05-30 15:53:04.445 [http-nio-8080-exec-1] WARN  o.s.w.s.m.support.DefaultHandlerExceptionResolver - Resolved [org.springframework.http.converter.HttpMessageNotWritableException: No converter for [class com.example.XSJ.Pojo.Result] with preset Content-Type 'image/png']
2026-05-30 16:07:43.263 [http-nio-8080-exec-5] WARN  o.s.w.s.m.support.DefaultHandlerExceptionResolver - Ignoring exception, response committed already: org.springframework.http.converter.HttpMessageNotWritableException: No converter for [class com.example.XSJ.Pojo.Result] with preset Content-Type 'image/png'
2026-05-30 16:07:43.263 [http-nio-8080-exec-5] WARN  o.s.w.s.m.support.DefaultHandlerExceptionResolver - Resolved [org.springframework.http.converter.HttpMessageNotWritableException: No converter for [class com.example.XSJ.Pojo.Result] with preset Content-Type 'image/png']
2026-05-30 16:12:26.332 [http-nio-8080-exec-2] WARN  o.s.w.s.m.support.DefaultHandlerExceptionResolver - Ignoring exception, response committed already: org.springframework.http.converter.HttpMessageNotWritableException: No converter for [class com.example.XSJ.Pojo.Result] with preset Content-Type 'image/png'
2026-05-30 16:12:26.332 [http-nio-8080-exec-2] WARN  o.s.w.s.m.support.DefaultHandlerExceptionResolver - Resolved [org.springframework.http.converter.HttpMessageNotWritableException: No converter for [class com.example.XSJ.Pojo.Result] with preset Content-Type 'image/png']
2026-05-30 16:12:42.102 [http-nio-8080-exec-6] WARN  com.example.XSJ.utils.Video.VideoGet - 数字绘画类型下无有效池ID，跳过该类型处理
2026-05-30 16:12:42.103 [http-nio-8080-exec-6] WARN  com.example.XSJ.utils.Video.VideoGet - 其他类型下无有效池ID，跳过该类型处理
2026-05-30 16:12:42.104 [http-nio-8080-exec-6] WARN  com.example.XSJ.utils.Video.VideoGet - 视频剪辑类型下无有效池ID，跳过该类型处理
2026-05-30 16:12:42.104 [http-nio-8080-exec-6] WARN  com.example.XSJ.utils.Video.VideoGet - Python编程类型下无有效池ID，跳过该类型处理
2026-05-30 16:12:46.857 [http-nio-8080-exec-7] WARN  com.example.XSJ.utils.Video.VideoGet - 数字绘画类型下无有效池ID，跳过该类型处理
2026-05-30 16:12:46.858 [http-nio-8080-exec-7] WARN  com.example.XSJ.utils.Video.VideoGet - 其他类型下无有效池ID，跳过该类型处理
2026-05-30 16:12:46.858 [http-nio-8080-exec-7] WARN  com.example.XSJ.utils.Video.VideoGet - 视频剪辑类型下无有效池ID，跳过该类型处理
2026-05-30 16:12:46.858 [http-nio-8080-exec-7] WARN  com.example.XSJ.utils.Video.VideoGet - Python编程类型下无有效池ID，跳过该类型处理
2026-05-30 16:13:14.529 [http-nio-8080-exec-2] WARN  com.example.XSJ.utils.Video.VideoGet - 数字绘画类型下无有效池ID，跳过该类型处理
2026-05-30 16:13:14.530 [http-nio-8080-exec-2] WARN  com.example.XSJ.utils.Video.VideoGet - 其他类型下无有效池ID，跳过该类型处理
2026-05-30 16:13:14.531 [http-nio-8080-exec-2] WARN  com.example.XSJ.utils.Video.VideoGet - 视频剪辑类型下无有效池ID，跳过该类型处理
2026-05-30 16:13:14.531 [http-nio-8080-exec-2] WARN  com.example.XSJ.utils.Video.VideoGet - Python编程类型下无有效池ID，跳过该类型处理
2026-05-30 16:14:17.581 [http-nio-8080-exec-2] WARN  o.s.w.s.m.support.DefaultHandlerExceptionResolver - Ignoring exception, response committed already: org.springframework.http.converter.HttpMessageNotWritableException: No converter for [class com.example.XSJ.Pojo.Result] with preset Content-Type 'image/png'
2026-05-30 16:14:17.581 [http-nio-8080-exec-2] WARN  o.s.w.s.m.support.DefaultHandlerExceptionResolver - Resolved [org.springframework.http.converter.HttpMessageNotWritableException: No converter for [class com.example.XSJ.Pojo.Result] with preset Content-Type 'image/png']
2026-05-30 16:14:22.714 [http-nio-8080-exec-7] WARN  o.s.w.s.m.support.DefaultHandlerExceptionResolver - Ignoring exception, response committed already: org.springframework.http.converter.HttpMessageNotWritableException: No converter for [class com.example.XSJ.Pojo.Result] with preset Content-Type 'image/png'
2026-05-30 16:14:22.714 [http-nio-8080-exec-7] WARN  o.s.w.s.m.support.DefaultHandlerExceptionResolver - Resolved [org.springframework.http.converter.HttpMessageNotWritableException: No converter for [class com.example.XSJ.Pojo.Result] with preset Content-Type 'image/png']
2026-05-30 16:14:41.147 [http-nio-8080-exec-1] WARN  o.s.w.s.m.support.DefaultHandlerExceptionResolver - Ignoring exception, response committed already: org.springframework.http.converter.HttpMessageNotWritableException: No converter for [class com.example.XSJ.Pojo.Result] with preset Content-Type 'image/png'
2026-05-30 16:14:41.147 [http-nio-8080-exec-1] WARN  o.s.w.s.m.support.DefaultHandlerExceptionResolver - Resolved [org.springframework.http.converter.HttpMessageNotWritableException: No converter for [class com.example.XSJ.Pojo.Result] with preset Content-Type 'image/png']
2026-05-30 16:15:14.310 [http-nio-8080-exec-9] WARN  o.s.w.s.m.support.DefaultHandlerExceptionResolver - Ignoring exception, response committed already: org.springframework.http.converter.HttpMessageNotWritableException: No converter for [class com.example.XSJ.Pojo.Result] with preset Content-Type 'image/png'
2026-05-30 16:15:14.310 [http-nio-8080-exec-9] WARN  o.s.w.s.m.support.DefaultHandlerExceptionResolver - Resolved [org.springframework.http.converter.HttpMessageNotWritableException: No converter for [class com.example.XSJ.Pojo.Result] with preset Content-Type 'image/png']
2026-05-30 16:15:42.924 [http-nio-8080-exec-2] WARN  o.s.w.s.m.support.DefaultHandlerExceptionResolver - Ignoring exception, response committed already: org.springframework.http.converter.HttpMessageNotWritableException: No converter for [class com.example.XSJ.Pojo.Result] with preset Content-Type 'image/png'
2026-05-30 16:15:42.924 [http-nio-8080-exec-2] WARN  o.s.w.s.m.support.DefaultHandlerExceptionResolver - Resolved [org.springframework.http.converter.HttpMessageNotWritableException: No converter for [class com.example.XSJ.Pojo.Result] with preset Content-Type 'image/png']
2026-05-30 16:16:11.357 [http-nio-8080-exec-6] WARN  com.example.XSJ.utils.Video.VideoGet - 数字绘画类型下无有效池ID，跳过该类型处理
2026-05-30 16:16:11.358 [http-nio-8080-exec-6] WARN  com.example.XSJ.utils.Video.VideoGet - 其他类型下无有效池ID，跳过该类型处理
2026-05-30 16:16:11.358 [http-nio-8080-exec-6] WARN  com.example.XSJ.utils.Video.VideoGet - 视频剪辑类型下无有效池ID，跳过该类型处理
2026-05-30 16:16:11.359 [http-nio-8080-exec-6] WARN  com.example.XSJ.utils.Video.VideoGet - Python编程类型下无有效池ID，跳过该类型处理
2026-05-30 16:16:58.746 [http-nio-8080-exec-5] WARN  o.s.w.s.m.support.DefaultHandlerExceptionResolver - Ignoring exception, response committed already: org.springframework.http.converter.HttpMessageNotWritableException: No converter for [class com.example.XSJ.Pojo.Result] with preset Content-Type 'image/png'
2026-05-30 16:16:58.746 [http-nio-8080-exec-5] WARN  o.s.w.s.m.support.DefaultHandlerExceptionResolver - Resolved [org.springframework.http.converter.HttpMessageNotWritableException: No converter for [class com.example.XSJ.Pojo.Result] with preset Content-Type 'image/png']
2026-05-30 16:17:12.490 [http-nio-8080-exec-4] WARN  com.example.XSJ.utils.Video.VideoGet - 数字绘画类型下无有效池ID，跳过该类型处理
2026-05-30 16:17:12.491 [http-nio-8080-exec-4] WARN  com.example.XSJ.utils.Video.VideoGet - 其他类型下无有效池ID，跳过该类型处理
2026-05-30 16:17:12.491 [http-nio-8080-exec-4] WARN  com.example.XSJ.utils.Video.VideoGet - 视频剪辑类型下无有效池ID，跳过该类型处理
2026-05-30 16:17:12.492 [http-nio-8080-exec-4] WARN  com.example.XSJ.utils.Video.VideoGet - Python编程类型下无有效池ID，跳过该类型处理
2026-05-30 16:17:15.246 [http-nio-8080-exec-3] WARN  com.example.XSJ.utils.Video.VideoGet - 数字绘画类型下无有效池ID，跳过该类型处理
2026-05-30 16:17:15.247 [http-nio-8080-exec-3] WARN  com.example.XSJ.utils.Video.VideoGet - 其他类型下无有效池ID，跳过该类型处理
2026-05-30 16:17:15.247 [http-nio-8080-exec-3] WARN  com.example.XSJ.utils.Video.VideoGet - 视频剪辑类型下无有效池ID，跳过该类型处理
2026-05-30 16:17:15.248 [http-nio-8080-exec-3] WARN  com.example.XSJ.utils.Video.VideoGet - Python编程类型下无有效池ID，跳过该类型处理
2026-05-30 16:17:49.404 [http-nio-8080-exec-1] WARN  com.example.XSJ.utils.Video.VideoGet - 数字绘画类型下无有效池ID，跳过该类型处理
2026-05-30 16:17:49.405 [http-nio-8080-exec-1] WARN  com.example.XSJ.utils.Video.VideoGet - 其他类型下无有效池ID，跳过该类型处理
2026-05-30 16:17:49.405 [http-nio-8080-exec-1] WARN  com.example.XSJ.utils.Video.VideoGet - 视频剪辑类型下无有效池ID，跳过该类型处理
2026-05-30 16:17:49.406 [http-nio-8080-exec-1] WARN  com.example.XSJ.utils.Video.VideoGet - Python编程类型下无有效池ID，跳过该类型处理
2026-05-30 16:18:30.150 [http-nio-8080-exec-6] WARN  com.example.XSJ.utils.Video.VideoGet - 数字绘画类型下无有效池ID，跳过该类型处理
2026-05-30 16:18:30.150 [http-nio-8080-exec-6] WARN  com.example.XSJ.utils.Video.VideoGet - 其他类型下无有效池ID，跳过该类型处理
2026-05-30 16:18:30.151 [http-nio-8080-exec-6] WARN  com.example.XSJ.utils.Video.VideoGet - 视频剪辑类型下无有效池ID，跳过该类型处理
2026-05-30 16:18:30.152 [http-nio-8080-exec-6] WARN  com.example.XSJ.utils.Video.VideoGet - Python编程类型下无有效池ID，跳过该类型处理
2026-05-30 16:18:36.671 [http-nio-8080-exec-8] WARN  com.example.XSJ.utils.Video.VideoGet - 数字绘画类型下无有效池ID，跳过该类型处理
2026-05-30 16:18:36.672 [http-nio-8080-exec-8] WARN  com.example.XSJ.utils.Video.VideoGet - 其他类型下无有效池ID，跳过该类型处理
2026-05-30 16:18:36.672 [http-nio-8080-exec-8] WARN  com.example.XSJ.utils.Video.VideoGet - 视频剪辑类型下无有效池ID，跳过该类型处理
2026-05-30 16:18:36.673 [http-nio-8080-exec-8] WARN  com.example.XSJ.utils.Video.VideoGet - Python编程类型下无有效池ID，跳过该类型处理
2026-05-30 16:18:56.768 [http-nio-8080-exec-9] WARN  com.example.XSJ.utils.Video.VideoGet - 数字绘画类型下无有效池ID，跳过该类型处理
2026-05-30 16:18:56.769 [http-nio-8080-exec-9] WARN  com.example.XSJ.utils.Video.VideoGet - 其他类型下无有效池ID，跳过该类型处理
2026-05-30 16:18:56.769 [http-nio-8080-exec-9] WARN  com.example.XSJ.utils.Video.VideoGet - 视频剪辑类型下无有效池ID，跳过该类型处理
2026-05-30 16:18:56.770 [http-nio-8080-exec-9] WARN  com.example.XSJ.utils.Video.VideoGet - Python编程类型下无有效池ID，跳过该类型处理
2026-05-30 16:19:31.514 [http-nio-8080-exec-6] WARN  com.example.XSJ.utils.Video.VideoGet - 数字绘画类型下无有效池ID，跳过该类型处理
2026-05-30 16:19:31.514 [http-nio-8080-exec-6] WARN  com.example.XSJ.utils.Video.VideoGet - 其他类型下无有效池ID，跳过该类型处理
2026-05-30 16:19:31.516 [http-nio-8080-exec-6] WARN  com.example.XSJ.utils.Video.VideoGet - 视频剪辑类型下无有效池ID，跳过该类型处理
2026-05-30 16:19:31.516 [http-nio-8080-exec-6] WARN  com.example.XSJ.utils.Video.VideoGet - Python编程类型下无有效池ID，跳过该类型处理
2026-05-30 16:19:38.215 [http-nio-8080-exec-8] WARN  com.example.XSJ.utils.Video.VideoGet - 数字绘画类型下无有效池ID，跳过该类型处理
2026-05-30 16:19:38.216 [http-nio-8080-exec-8] WARN  com.example.XSJ.utils.Video.VideoGet - 其他类型下无有效池ID，跳过该类型处理
2026-05-30 16:19:38.216 [http-nio-8080-exec-8] WARN  com.example.XSJ.utils.Video.VideoGet - 视频剪辑类型下无有效池ID，跳过该类型处理
2026-05-30 16:19:38.217 [http-nio-8080-exec-8] WARN  com.example.XSJ.utils.Video.VideoGet - Python编程类型下无有效池ID，跳过该类型处理
2026-05-30 16:19:43.808 [http-nio-8080-exec-1] WARN  com.example.XSJ.utils.Video.VideoGet - 数字绘画类型下无有效池ID，跳过该类型处理
2026-05-30 16:19:43.809 [http-nio-8080-exec-1] WARN  com.example.XSJ.utils.Video.VideoGet - 其他类型下无有效池ID，跳过该类型处理
2026-05-30 16:19:43.809 [http-nio-8080-exec-1] WARN  com.example.XSJ.utils.Video.VideoGet - 视频剪辑类型下无有效池ID，跳过该类型处理
2026-05-30 16:19:43.810 [http-nio-8080-exec-1] WARN  com.example.XSJ.utils.Video.VideoGet - Python编程类型下无有效池ID，跳过该类型处理
2026-05-30 16:19:43.819 [http-nio-8080-exec-3] WARN  com.example.XSJ.utils.Video.VideoGet - 数字绘画类型下无有效池ID，跳过该类型处理
2026-05-30 16:19:43.820 [http-nio-8080-exec-3] WARN  com.example.XSJ.utils.Video.VideoGet - 其他类型下无有效池ID，跳过该类型处理
2026-05-30 16:19:43.820 [http-nio-8080-exec-3] WARN  com.example.XSJ.utils.Video.VideoGet - 视频剪辑类型下无有效池ID，跳过该类型处理
2026-05-30 16:19:43.821 [http-nio-8080-exec-3] WARN  com.example.XSJ.utils.Video.VideoGet - Python编程类型下无有效池ID，跳过该类型处理
2026-05-30 16:19:48.534 [http-nio-8080-exec-7] WARN  com.example.XSJ.utils.Video.VideoGet - 数字绘画类型下无有效池ID，跳过该类型处理
2026-05-30 16:19:48.535 [http-nio-8080-exec-7] WARN  com.example.XSJ.utils.Video.VideoGet - 其他类型下无有效池ID，跳过该类型处理
2026-05-30 16:19:48.535 [http-nio-8080-exec-7] WARN  com.example.XSJ.utils.Video.VideoGet - 视频剪辑类型下无有效池ID，跳过该类型处理
2026-05-30 16:19:48.536 [http-nio-8080-exec-7] WARN  com.example.XSJ.utils.Video.VideoGet - Python编程类型下无有效池ID，跳过该类型处理
2026-05-30 18:34:15.934 [HikariPool-1:housekeeper] WARN  com.zaxxer.hikari.pool.HikariPool - HikariPool-1 - Thread starvation or clock leap detected (housekeeper delta=15m19s630ms408µs600ns).
2026-05-30 20:54:11.858 [HikariPool-1:housekeeper] WARN  com.zaxxer.hikari.pool.HikariPool - HikariPool-1 - Thread starvation or clock leap detected (housekeeper delta=2h19m58s853ms781µs400ns).
2026-05-30 23:12:29.460 [Thread-14] WARN  c.alibaba.nacos.common.http.HttpClientBeanHolder - [HttpClientBeanHolder] Start destroying common HttpClient
2026-05-30 23:12:29.460 [Thread-1] WARN  c.alibaba.nacos.common.executor.ThreadPoolManager - [ThreadPoolManager] Start destroying ThreadPool
2026-05-30 23:12:29.460 [Thread-49] WARN  com.alibaba.nacos.common.notify.NotifyCenter - [NotifyCenter] Start destroying Publisher
2026-05-30 23:12:29.460 [Thread-49] WARN  com.alibaba.nacos.common.notify.NotifyCenter - [NotifyCenter] Destruction of the end
2026-05-30 23:12:29.460 [Thread-1] WARN  c.alibaba.nacos.common.executor.ThreadPoolManager - [ThreadPoolManager] Destruction of the end
2026-05-30 23:12:29.463 [Thread-14] WARN  c.alibaba.nacos.common.http.HttpClientBeanHolder - [HttpClientBeanHolder] Destruction of the end
