2026-04-19 17:37:02.733 [main] INFO  com.alibaba.nacos.client.logging.NacosLogging - Nacos Logging Adapter Builder: com.alibaba.nacos.logger.adapter.logback12.LogbackNacosLoggingAdapterBuilder
2026-04-19 17:37:02.750 [main] INFO  com.alibaba.nacos.client.logging.NacosLogging - Nacos Logging Adapter Builder: com.alibaba.nacos.logger.adapter.logback14.LogbackNacosLoggingAdapterBuilder
2026-04-19 17:37:02.755 [main] INFO  com.alibaba.nacos.client.logging.NacosLogging - Nacos Logging Adapter: com.alibaba.nacos.logger.adapter.logback14.LogbackNacosLoggingAdapter match ch.qos.logback.classic.Logger success.
2026-04-19 17:37:02.775 [main] INFO  com.alibaba.nacos.client.logging.NacosLogging - Nacos Logging Adapter Builder: com.alibaba.nacos.logger.adapter.log4j2.Log4j2NacosLoggingAdapterBuilder
2026-04-19 17:37:02.783 [background-preinit] INFO  org.hibernate.validator.internal.util.Version - HV000001: Hibernate Validator 8.0.3.Final
2026-04-19 17:37:02.936 [main] INFO  com.example.XSJ.XSJ_H2Application - Starting XSJ_H2Application using Java 17.0.16 with PID 30948 (C:\Users\16790\Desktop\bs\XSj_H2\XSJ_h2\target\classes started by 16790 in C:\Users\16790\Desktop\bs\XSj_H2)
2026-04-19 17:37:02.936 [main] INFO  com.example.XSJ.XSJ_H2Application - The following 1 profile is active: "com.example.XSJ.XSJ_H2Application"
2026-04-19 17:37:04.220 [main] INFO  o.s.d.r.config.RepositoryConfigurationDelegate - Bootstrapping Spring Data MongoDB repositories in DEFAULT mode.
2026-04-19 17:37:04.245 [main] INFO  o.s.d.r.config.RepositoryConfigurationDelegate - Finished Spring Data repository scanning in 16 ms. Found 0 MongoDB repository interfaces.
2026-04-19 17:37:04.557 [main] INFO  c.a.n.p.auth.spi.client.ClientAuthPluginManager - [ClientAuthPluginManager] Load ClientAuthService com.alibaba.nacos.client.auth.impl.NacosClientAuthServiceImpl success.
2026-04-19 17:37:04.558 [main] INFO  c.a.n.p.auth.spi.client.ClientAuthPluginManager - [ClientAuthPluginManager] Load ClientAuthService com.alibaba.nacos.client.auth.ram.RamClientAuthServiceImpl success.
2026-04-19 17:37:04.971 [main] INFO  o.s.boot.web.embedded.tomcat.TomcatWebServer - Tomcat initialized with port 8080 (http)
2026-04-19 17:37:04.981 [main] INFO  org.apache.coyote.http11.Http11NioProtocol - Initializing ProtocolHandler ["http-nio-8080"]
2026-04-19 17:37:04.983 [main] INFO  org.apache.catalina.core.StandardService - Starting service [Tomcat]
2026-04-19 17:37:04.984 [main] INFO  org.apache.catalina.core.StandardEngine - Starting Servlet engine: [Apache Tomcat/10.1.46]
2026-04-19 17:37:05.061 [main] INFO  o.a.c.core.ContainerBase.[Tomcat].[localhost].[/] - Initializing Spring embedded WebApplicationContext
2026-04-19 17:37:05.062 [main] INFO  o.s.b.w.s.c.ServletWebServerApplicationContext - Root WebApplicationContext: initialization completed in 2090 ms
2026-04-19 17:37:05.783 [main] INFO  org.mongodb.driver.client - MongoClient with metadata {"driver": {"name": "mongo-java-driver|sync|spring-boot", "version": "5.5.1"}, "os": {"type": "Windows", "name": "Windows 11", "architecture": "amd64", "version": "10.0"}, "platform": "Java/Microsoft/17.0.16+8-LTS"} created with settings MongoClientSettings{readPreference=primary, writeConcern=WriteConcern{w=null, wTimeout=null ms, journal=null}, retryWrites=true, retryReads=true, readConcern=ReadConcern{level=null}, credential=null, transportSettings=null, commandListeners=[io.micrometer.core.instrument.binder.mongodb.MongoMetricsCommandListener@7aca299e], codecRegistry=ProvidersCodecRegistry{codecProviders=[ValueCodecProvider{}, BsonValueCodecProvider{}, DBRefCodecProvider{}, DBObjectCodecProvider{}, DocumentCodecProvider{}, CollectionCodecProvider{}, IterableCodecProvider{}, MapCodecProvider{}, GeoJsonCodecProvider{}, GridFSFileCodecProvider{}, Jsr310CodecProvider{}, JsonObjectCodecProvider{}, BsonCodecProvider{}, EnumCodecProvider{}, com.mongodb.client.model.mql.ExpressionCodecProvider@1ba3c03d, com.mongodb.Jep395RecordCodecProvider@9a37591, com.mongodb.KotlinCodecProvider@749c0669]}, loggerSettings=LoggerSettings{maxDocumentLength=1000}, clusterSettings={hosts=[localhost:27017], srvServiceName=mongodb, mode=SINGLE, requiredClusterType=UNKNOWN, requiredReplicaSetName='null', serverSelector='null', clusterListeners='[]', serverSelectionTimeout='30000 ms', localThreshold='15 ms'}, socketSettings=SocketSettings{connectTimeoutMS=10000, readTimeoutMS=0, receiveBufferSize=0, proxySettings=ProxySettings{host=null, port=null, username=null, password=null}}, heartbeatSocketSettings=SocketSettings{connectTimeoutMS=10000, readTimeoutMS=10000, receiveBufferSize=0, proxySettings=ProxySettings{host=null, port=null, username=null, password=null}}, connectionPoolSettings=ConnectionPoolSettings{maxSize=100, minSize=0, maxWaitTimeMS=120000, maxConnectionLifeTimeMS=0, maxConnectionIdleTimeMS=0, maintenanceInitialDelayMS=0, maintenanceFrequencyMS=60000, connectionPoolListeners=[io.micrometer.core.instrument.binder.mongodb.MongoMetricsConnectionPoolListener@5dfec221], maxConnecting=2}, serverSettings=ServerSettings{heartbeatFrequencyMS=10000, minHeartbeatFrequencyMS=500, serverMonitoringMode=AUTO, serverListeners='[]', serverMonitorListeners='[]'}, sslSettings=SslSettings{enabled=false, invalidHostNameAllowed=false, context=null}, applicationName='null', compressorList=[], uuidRepresentation=JAVA_LEGACY, serverApi=null, autoEncryptionSettings=null, dnsClient=null, inetAddressResolver=null, contextProvider=null, timeoutMS=null}
2026-04-19 17:37:05.801 [cluster-ClusterId{value='69e4a2410f4c5530b666823a', description='null'}-localhost:27017] INFO  org.mongodb.driver.cluster - Monitor thread successfully connected to server with description ServerDescription{address=localhost:27017, type=STANDALONE, cryptd=false, state=CONNECTED, ok=true, minWireVersion=0, maxWireVersion=27, maxDocumentSize=16777216, logicalSessionTimeoutMinutes=30, roundTripTimeNanos=27702201, minRoundTripTimeNanos=0}
2026-04-19 17:37:08.434 [main] INFO  c.a.c.nacos.annotation.NacosAnnotationProcessor - [Nacos Config] Listening config for annotation: dataId=spring.ai.alibaba.configurable.prompt, group=DEFAULT_GROUP
2026-04-19 17:37:08.442 [main] INFO  c.a.c.nacos.annotation.NacosAnnotationProcessor - [Nacos Config] register configurablePromptTemplateFactory#method#onConfigChange(List) listener on com.alibaba.cloud.ai.prompt.ConfigurablePromptTemplateFactory@8ae7e03 
2026-04-19 17:37:08.757 [main] INFO  o.s.b.actuate.endpoint.web.EndpointLinksResolver - Exposing 1 endpoint beneath base path '/actuator'
2026-04-19 17:37:08.844 [main] INFO  org.apache.coyote.http11.Http11NioProtocol - Starting ProtocolHandler ["http-nio-8080"]
2026-04-19 17:37:08.856 [main] INFO  o.s.boot.web.embedded.tomcat.TomcatWebServer - Tomcat started on port 8080 (http) with context path '/'
2026-04-19 17:37:08.888 [main] INFO  com.example.XSJ.XSJ_H2Application - Started XSJ_H2Application in 7.171 seconds (process running for 8.705)
2026-04-19 17:37:09.276 [RMI TCP Connection(3)-10.16.160.77] INFO  o.a.c.core.ContainerBase.[Tomcat].[localhost].[/] - Initializing Spring DispatcherServlet 'dispatcherServlet'
2026-04-19 17:37:09.276 [RMI TCP Connection(3)-10.16.160.77] INFO  org.springframework.web.servlet.DispatcherServlet - Initializing Servlet 'dispatcherServlet'
2026-04-19 17:37:09.277 [RMI TCP Connection(3)-10.16.160.77] INFO  org.springframework.web.servlet.DispatcherServlet - Completed initialization in 1 ms
2026-04-19 17:37:09.368 [RMI TCP Connection(4)-10.16.160.77] INFO  com.zaxxer.hikari.HikariDataSource - HikariPool-1 - Starting...
2026-04-19 17:37:09.821 [RMI TCP Connection(4)-10.16.160.77] INFO  com.zaxxer.hikari.pool.HikariPool - HikariPool-1 - Added connection com.mysql.cj.jdbc.ConnectionImpl@204cee16
2026-04-19 17:37:09.824 [RMI TCP Connection(4)-10.16.160.77] INFO  com.zaxxer.hikari.HikariDataSource - HikariPool-1 - Start completed.
2026-04-19 17:39:34.194 [http-nio-8080-exec-2] INFO  com.example.XSJ.Controller.User.User - 开始查询首页资源数据
2026-04-19 18:00:00.036 [scheduling-1] INFO  c.example.XSJ.Controller.VideoScoreCalculateTask - 正在处理第 1 页，本批次 54 条视频
2026-04-19 18:00:00.075 [scheduling-1] INFO  c.example.XSJ.Controller.VideoScoreCalculateTask - 视频 VProgL005f03611f09c1ba0ad9f1dc9fa 进入新池：Po233f3576-f04a-11f0-9c1b-a0ad9f1dc9fa
2026-04-19 18:00:00.088 [scheduling-1] INFO  c.example.XSJ.Controller.VideoScoreCalculateTask - 视频 VProgL004f03611f09c1ba0ad9f1dc9fa 进入新池：Po233f3576-f04a-11f0-9c1b-a0ad9f1dc9fa
2026-04-19 18:00:00.101 [scheduling-1] INFO  c.example.XSJ.Controller.VideoScoreCalculateTask - 视频 VProgL003f03611f09c1ba0ad9f1dc9fa 进入新池：Po233f3576-f04a-11f0-9c1b-a0ad9f1dc9fa
2026-04-19 18:00:00.112 [scheduling-1] INFO  c.example.XSJ.Controller.VideoScoreCalculateTask - 视频 VProgL002f03611f09c1ba0ad9f1dc9fa 进入新池：Po233f3576-f04a-11f0-9c1b-a0ad9f1dc9fa
2026-04-19 18:00:00.125 [scheduling-1] INFO  c.example.XSJ.Controller.VideoScoreCalculateTask - 视频 VProgL001f03611f09c1ba0ad9f1dc9fa 进入新池：Po233f3576-f04a-11f0-9c1b-a0ad9f1dc9fa
2026-04-19 18:00:00.141 [scheduling-1] INFO  c.example.XSJ.Controller.VideoScoreCalculateTask - 视频 VProgB005f03611f09c1ba0ad9f1dc9fa 进入新池：Po233f327c-f04a-11f0-9c1b-a0ad9f1dc9fa
2026-04-19 18:00:00.153 [scheduling-1] INFO  c.example.XSJ.Controller.VideoScoreCalculateTask - 视频 VProgB004f03611f09c1ba0ad9f1dc9fa 进入新池：Po233f327c-f04a-11f0-9c1b-a0ad9f1dc9fa
2026-04-19 18:00:00.165 [scheduling-1] INFO  c.example.XSJ.Controller.VideoScoreCalculateTask - 视频 VProgB003f03611f09c1ba0ad9f1dc9fa 进入新池：Po233f327c-f04a-11f0-9c1b-a0ad9f1dc9fa
2026-04-19 18:00:00.177 [scheduling-1] INFO  c.example.XSJ.Controller.VideoScoreCalculateTask - 视频 VProgB002f03611f09c1ba0ad9f1dc9fa 进入新池：Po233f327c-f04a-11f0-9c1b-a0ad9f1dc9fa
2026-04-19 18:00:00.189 [scheduling-1] INFO  c.example.XSJ.Controller.VideoScoreCalculateTask - 视频 VProgB001f03611f09c1ba0ad9f1dc9fa 进入新池：Po233f327c-f04a-11f0-9c1b-a0ad9f1dc9fa
2026-04-19 18:00:00.201 [scheduling-1] INFO  c.example.XSJ.Controller.VideoScoreCalculateTask - 视频 VMusicL005f03611f09c1ba0ad9f1dc9fb 进入新池：Po233f4002-f04a-11f0-9c1b-a0ad9f1dc9fb
2026-04-19 18:00:00.213 [scheduling-1] INFO  c.example.XSJ.Controller.VideoScoreCalculateTask - 视频 VMusicL004f03611f09c1ba0ad9f1dc9fb 进入新池：Po233f4002-f04a-11f0-9c1b-a0ad9f1dc9fb
2026-04-19 18:00:00.226 [scheduling-1] INFO  c.example.XSJ.Controller.VideoScoreCalculateTask - 视频 VMusicL003f03611f09c1ba0ad9f1dc9fb 进入新池：Po233f4002-f04a-11f0-9c1b-a0ad9f1dc9fb
2026-04-19 18:00:00.236 [scheduling-1] INFO  c.example.XSJ.Controller.VideoScoreCalculateTask - 视频 VMusicL002f03611f09c1ba0ad9f1dc9fb 进入新池：Po233f4002-f04a-11f0-9c1b-a0ad9f1dc9fb
2026-04-19 18:00:00.250 [scheduling-1] INFO  c.example.XSJ.Controller.VideoScoreCalculateTask - 视频 VMusicL001f03611f09c1ba0ad9f1dc9fb 进入新池：Po233f4002-f04a-11f0-9c1b-a0ad9f1dc9fb
2026-04-19 18:00:00.270 [scheduling-1] INFO  c.example.XSJ.Controller.VideoScoreCalculateTask - 视频 VMusicB005f03611f09c1ba0ad9f1dc9fb 进入新池：Po233f4002-f04a-11f0-9c1b-a0ad9f1dc9fb
2026-04-19 18:00:00.281 [scheduling-1] INFO  c.example.XSJ.Controller.VideoScoreCalculateTask - 视频 VMusicB004f03611f09c1ba0ad9f1dc9fb 进入新池：Po233f4002-f04a-11f0-9c1b-a0ad9f1dc9fb
2026-04-19 18:00:00.293 [scheduling-1] INFO  c.example.XSJ.Controller.VideoScoreCalculateTask - 视频 VMusicB003f03611f09c1ba0ad9f1dc9fb 进入新池：Po233f4002-f04a-11f0-9c1b-a0ad9f1dc9fb
2026-04-19 18:00:00.304 [scheduling-1] INFO  c.example.XSJ.Controller.VideoScoreCalculateTask - 视频 VMusicB002f03611f09c1ba0ad9f1dc9fb 进入新池：Po233f4002-f04a-11f0-9c1b-a0ad9f1dc9fb
2026-04-19 18:00:00.316 [scheduling-1] INFO  c.example.XSJ.Controller.VideoScoreCalculateTask - 视频 VMusicB001f03611f09c1ba0ad9f1dc9fb 进入新池：Po233f4002-f04a-11f0-9c1b-a0ad9f1dc9fb
2026-04-19 18:00:00.326 [scheduling-1] INFO  c.example.XSJ.Controller.VideoScoreCalculateTask - 视频 VGaoKaoB005f03611f09c1ba0ad9f1dc9fd 进入新池：Po233f6002-f04a-11f0-9c1b-a0ad9f1dc9fd
2026-04-19 18:00:00.338 [scheduling-1] INFO  c.example.XSJ.Controller.VideoScoreCalculateTask - 视频 VGaoKaoB004f03611f09c1ba0ad9f1dc9fd 进入新池：Po233f6002-f04a-11f0-9c1b-a0ad9f1dc9fd
2026-04-19 18:00:00.348 [scheduling-1] INFO  c.example.XSJ.Controller.VideoScoreCalculateTask - 视频 VGaoKaoB003f03611f09c1ba0ad9f1dc9fd 进入新池：Po233f6002-f04a-11f0-9c1b-a0ad9f1dc9fd
2026-04-19 18:00:00.362 [scheduling-1] INFO  c.example.XSJ.Controller.VideoScoreCalculateTask - 视频 VGaoKaoB002f03611f09c1ba0ad9f1dc9fd 进入新池：Po233f6002-f04a-11f0-9c1b-a0ad9f1dc9fd
2026-04-19 18:00:00.373 [scheduling-1] INFO  c.example.XSJ.Controller.VideoScoreCalculateTask - 视频 VGaoKaoB001f03611f09c1ba0ad9f1dc9fd 进入新池：Po233f6002-f04a-11f0-9c1b-a0ad9f1dc9fd
2026-04-19 18:00:00.388 [scheduling-1] INFO  c.example.XSJ.Controller.VideoScoreCalculateTask - 视频 VDe2720ce7f03611f09c1ba0ad9f1dc9fa 进入新池：Po233f3576-f04a-11f0-9c1b-a0ad9f1dc9fa
2026-04-19 18:00:00.403 [scheduling-1] INFO  c.example.XSJ.Controller.VideoScoreCalculateTask - 视频 VDe27129caf03611f09c1ba0ad9f1dc9fa 进入新池：Po233f3576-f04a-11f0-9c1b-a0ad9f1dc9fa
2026-04-19 18:00:00.420 [scheduling-1] INFO  c.example.XSJ.Controller.VideoScoreCalculateTask - 视频 VDe26e5109f03611f09c1ba0ad9f1dc9fa 进入新池：Po233f327c-f04a-11f0-9c1b-a0ad9f1dc9fa
2026-04-19 18:00:00.431 [scheduling-1] INFO  c.example.XSJ.Controller.VideoScoreCalculateTask - 视频 VArtL005f03611f09c1ba0ad9f1dc9fc 进入新池：Po233f5002-f04a-11f0-9c1b-a0ad9f1dc9fc
2026-04-19 18:00:00.441 [scheduling-1] INFO  c.example.XSJ.Controller.VideoScoreCalculateTask - 视频 VArtL004f03611f09c1ba0ad9f1dc9fc 进入新池：Po233f5002-f04a-11f0-9c1b-a0ad9f1dc9fc
2026-04-19 18:00:00.453 [scheduling-1] INFO  c.example.XSJ.Controller.VideoScoreCalculateTask - 视频 VArtL003f03611f09c1ba0ad9f1dc9fc 进入新池：Po233f5002-f04a-11f0-9c1b-a0ad9f1dc9fc
2026-04-19 18:00:00.464 [scheduling-1] INFO  c.example.XSJ.Controller.VideoScoreCalculateTask - 视频 VArtL002f03611f09c1ba0ad9f1dc9fc 进入新池：Po233f5002-f04a-11f0-9c1b-a0ad9f1dc9fc
2026-04-19 18:00:00.474 [scheduling-1] INFO  c.example.XSJ.Controller.VideoScoreCalculateTask - 视频 VArtL001f03611f09c1ba0ad9f1dc9fc 进入新池：Po233f5002-f04a-11f0-9c1b-a0ad9f1dc9fc
2026-04-19 18:00:00.488 [scheduling-1] INFO  c.example.XSJ.Controller.VideoScoreCalculateTask - 视频 VArtB005f03611f09c1ba0ad9f1dc9fc 进入新池：Po233f5002-f04a-11f0-9c1b-a0ad9f1dc9fc
2026-04-19 18:00:00.498 [scheduling-1] INFO  c.example.XSJ.Controller.VideoScoreCalculateTask - 视频 VArtB004f03611f09c1ba0ad9f1dc9fc 进入新池：Po233f5002-f04a-11f0-9c1b-a0ad9f1dc9fc
2026-04-19 18:00:00.508 [scheduling-1] INFO  c.example.XSJ.Controller.VideoScoreCalculateTask - 视频 VArtB003f03611f09c1ba0ad9f1dc9fc 进入新池：Po233f5002-f04a-11f0-9c1b-a0ad9f1dc9fc
2026-04-19 18:00:00.519 [scheduling-1] INFO  c.example.XSJ.Controller.VideoScoreCalculateTask - 视频 VArtB002f03611f09c1ba0ad9f1dc9fc 进入新池：Po233f5002-f04a-11f0-9c1b-a0ad9f1dc9fc
2026-04-19 18:00:00.528 [scheduling-1] INFO  c.example.XSJ.Controller.VideoScoreCalculateTask - 视频 VArtB001f03611f09c1ba0ad9f1dc9fc 进入新池：Po233f5002-f04a-11f0-9c1b-a0ad9f1dc9fc
2026-04-19 18:00:00.529 [scheduling-1] INFO  c.example.XSJ.Controller.VideoScoreCalculateTask - ==============================
2026-04-19 18:00:00.529 [scheduling-1] INFO  c.example.XSJ.Controller.VideoScoreCalculateTask - 任务完成！总处理视频数：54
2026-04-19 18:00:00.529 [scheduling-1] INFO  c.example.XSJ.Controller.VideoScoreCalculateTask - ==============================
2026-04-19 18:00:00.551 [scheduling-1] INFO  com.example.XSJ.Controller.UserInterestSchedule - 用户 UI8bba3e20-8623-4f78-8790-20075ed295a8 最终兴趣：{"其他":100}
2026-04-19 19:22:29.610 [SpringApplicationShutdownHook] INFO  o.s.boot.web.embedded.tomcat.GracefulShutdown - Commencing graceful shutdown. Waiting for active requests to complete
2026-04-19 19:22:29.999 [tomcat-shutdown] INFO  o.s.boot.web.embedded.tomcat.GracefulShutdown - Graceful shutdown complete
2026-04-19 19:22:33.295 [SpringApplicationShutdownHook] INFO  com.zaxxer.hikari.HikariDataSource - HikariPool-1 - Shutdown initiated...
2026-04-19 19:22:33.334 [SpringApplicationShutdownHook] INFO  com.zaxxer.hikari.HikariDataSource - HikariPool-1 - Shutdown completed.
